Archive member included to satisfy reference by file (symbol)

C:/ST/STM32CubeIDE_2.1.1/STM32CubeIDE/plugins/com.st.stm32cube.ide.mcu.externaltools.gnu-tools-for-stm32.14.3.rel1.win32_1.0.100.202602081740/tools/bin/../lib/gcc/arm-none-eabi/14.3.1/../../../../arm-none-eabi/lib/thumb/v7-m/nofp\libc_nano.a(libc_a-exit.o)
                              C:/ST/STM32CubeIDE_2.1.1/STM32CubeIDE/plugins/com.st.stm32cube.ide.mcu.externaltools.gnu-tools-for-stm32.14.3.rel1.win32_1.0.100.202602081740/tools/bin/../lib/gcc/arm-none-eabi/14.3.1/../../../../arm-none-eabi/lib/thumb/v7-m/nofp/crt0.o (exit)
C:/ST/STM32CubeIDE_2.1.1/STM32CubeIDE/plugins/com.st.stm32cube.ide.mcu.externaltools.gnu-tools-for-stm32.14.3.rel1.win32_1.0.100.202602081740/tools/bin/../lib/gcc/arm-none-eabi/14.3.1/../../../../arm-none-eabi/lib/thumb/v7-m/nofp\libc_nano.a(libc_a-findfp.o)
                              C:/ST/STM32CubeIDE_2.1.1/STM32CubeIDE/plugins/com.st.stm32cube.ide.mcu.externaltools.gnu-tools-for-stm32.14.3.rel1.win32_1.0.100.202602081740/tools/bin/../lib/gcc/arm-none-eabi/14.3.1/../../../../arm-none-eabi/lib/thumb/v7-m/nofp\libc_nano.a(libc_a-exit.o) (__stdio_exit_handler)
C:/ST/STM32CubeIDE_2.1.1/STM32CubeIDE/plugins/com.st.stm32cube.ide.mcu.externaltools.gnu-tools-for-stm32.14.3.rel1.win32_1.0.100.202602081740/tools/bin/../lib/gcc/arm-none-eabi/14.3.1/../../../../arm-none-eabi/lib/thumb/v7-m/nofp\libc_nano.a(libc_a-fwalk.o)
                              C:/ST/STM32CubeIDE_2.1.1/STM32CubeIDE/plugins/com.st.stm32cube.ide.mcu.externaltools.gnu-tools-for-stm32.14.3.rel1.win32_1.0.100.202602081740/tools/bin/../lib/gcc/arm-none-eabi/14.3.1/../../../../arm-none-eabi/lib/thumb/v7-m/nofp\libc_nano.a(libc_a-findfp.o) (_fwalk_sglue)
C:/ST/STM32CubeIDE_2.1.1/STM32CubeIDE/plugins/com.st.stm32cube.ide.mcu.externaltools.gnu-tools-for-stm32.14.3.rel1.win32_1.0.100.202602081740/tools/bin/../lib/gcc/arm-none-eabi/14.3.1/../../../../arm-none-eabi/lib/thumb/v7-m/nofp\libc_nano.a(libc_a-stdio.o)
                              C:/ST/STM32CubeIDE_2.1.1/STM32CubeIDE/plugins/com.st.stm32cube.ide.mcu.externaltools.gnu-tools-for-stm32.14.3.rel1.win32_1.0.100.202602081740/tools/bin/../lib/gcc/arm-none-eabi/14.3.1/../../../../arm-none-eabi/lib/thumb/v7-m/nofp\libc_nano.a(libc_a-findfp.o) (__sread)
C:/ST/STM32CubeIDE_2.1.1/STM32CubeIDE/plugins/com.st.stm32cube.ide.mcu.externaltools.gnu-tools-for-stm32.14.3.rel1.win32_1.0.100.202602081740/tools/bin/../lib/gcc/arm-none-eabi/14.3.1/../../../../arm-none-eabi/lib/thumb/v7-m/nofp\libc_nano.a(libc_a-vsnprintf.o)
                              ./Core/Src/cli.o (vsnprintf)
C:/ST/STM32CubeIDE_2.1.1/STM32CubeIDE/plugins/com.st.stm32cube.ide.mcu.externaltools.gnu-tools-for-stm32.14.3.rel1.win32_1.0.100.202602081740/tools/bin/../lib/gcc/arm-none-eabi/14.3.1/../../../../arm-none-eabi/lib/thumb/v7-m/nofp\libc_nano.a(libc_a-memset.o)
                              C:/ST/STM32CubeIDE_2.1.1/STM32CubeIDE/plugins/com.st.stm32cube.ide.mcu.externaltools.gnu-tools-for-stm32.14.3.rel1.win32_1.0.100.202602081740/tools/bin/../lib/gcc/arm-none-eabi/14.3.1/../../../../arm-none-eabi/lib/thumb/v7-m/nofp/crt0.o (memset)
C:/ST/STM32CubeIDE_2.1.1/STM32CubeIDE/plugins/com.st.stm32cube.ide.mcu.externaltools.gnu-tools-for-stm32.14.3.rel1.win32_1.0.100.202602081740/tools/bin/../lib/gcc/arm-none-eabi/14.3.1/../../../../arm-none-eabi/lib/thumb/v7-m/nofp\libc_nano.a(libc_a-closer.o)
                              C:/ST/STM32CubeIDE_2.1.1/STM32CubeIDE/plugins/com.st.stm32cube.ide.mcu.externaltools.gnu-tools-for-stm32.14.3.rel1.win32_1.0.100.202602081740/tools/bin/../lib/gcc/arm-none-eabi/14.3.1/../../../../arm-none-eabi/lib/thumb/v7-m/nofp\libc_nano.a(libc_a-stdio.o) (_close_r)
C:/ST/STM32CubeIDE_2.1.1/STM32CubeIDE/plugins/com.st.stm32cube.ide.mcu.externaltools.gnu-tools-for-stm32.14.3.rel1.win32_1.0.100.202602081740/tools/bin/../lib/gcc/arm-none-eabi/14.3.1/../../../../arm-none-eabi/lib/thumb/v7-m/nofp\libc_nano.a(libc_a-reent.o)
                              C:/ST/STM32CubeIDE_2.1.1/STM32CubeIDE/plugins/com.st.stm32cube.ide.mcu.externaltools.gnu-tools-for-stm32.14.3.rel1.win32_1.0.100.202602081740/tools/bin/../lib/gcc/arm-none-eabi/14.3.1/../../../../arm-none-eabi/lib/thumb/v7-m/nofp\libc_nano.a(libc_a-closer.o) (errno)
C:/ST/STM32CubeIDE_2.1.1/STM32CubeIDE/plugins/com.st.stm32cube.ide.mcu.externaltools.gnu-tools-for-stm32.14.3.rel1.win32_1.0.100.202602081740/tools/bin/../lib/gcc/arm-none-eabi/14.3.1/../../../../arm-none-eabi/lib/thumb/v7-m/nofp\libc_nano.a(libc_a-impure.o)
                              C:/ST/STM32CubeIDE_2.1.1/STM32CubeIDE/plugins/com.st.stm32cube.ide.mcu.externaltools.gnu-tools-for-stm32.14.3.rel1.win32_1.0.100.202602081740/tools/bin/../lib/gcc/arm-none-eabi/14.3.1/../../../../arm-none-eabi/lib/thumb/v7-m/nofp\libc_nano.a(libc_a-vsnprintf.o) (_impure_ptr)
[...]
Memory Configuration

Name             Origin             Length             Attributes
RAM              0x20000000         0x00005000         xrw
FLASH            0x08000000         0x00010000         xr
*default*        0x00000000         0xffffffff

Linker script and memory map

LOAD C:/ST/STM32CubeIDE_2.1.1/STM32CubeIDE/plugins/com.st.stm32cube.ide.mcu.externaltools.gnu-tools-for-stm32.14.3.rel1.win32_1.0.100.202602081740/tools/bin/../lib/gcc/arm-none-eabi/14.3.1/thumb/v7-m/nofp/crti.o
LOAD C:/ST/STM32CubeIDE_2.1.1/STM32CubeIDE/plugins/com.st.stm32cube.ide.mcu.externaltools.gnu-tools-for-stm32.14.3.rel1.win32_1.0.100.202602081740/tools/bin/../lib/gcc/arm-none-eabi/14.3.1/thumb/v7-m/nofp/crtbegin.o
LOAD C:/ST/STM32CubeIDE_2.1.1/STM32CubeIDE/plugins/com.st.stm32cube.ide.mcu.externaltools.gnu-tools-for-stm32.14.3.rel1.win32_1.0.100.202602081740/tools/bin/../lib/gcc/arm-none-eabi/14.3.1/../../../../arm-none-eabi/lib/thumb/v7-m/nofp/crt0.o
LOAD ./Core/Src/battery_client.o
LOAD ./Core/Src/cli.o
LOAD ./Core/Src/freertos.o
LOAD ./Core/Src/main.o
LOAD ./Core/Src/modbus_rtu.o
LOAD ./Core/Src/rs485.o
LOAD ./Core/Src/stm32f1xx_hal_msp.o
LOAD ./Core/Src/stm32f1xx_hal_timebase_tim.o
LOAD ./Core/Src/stm32f1xx_it.o
LOAD ./Core/Src/sunspec.o
LOAD ./Core/Src/syscalls.o
LOAD ./Core/Src/sysmem.o
LOAD ./Core/Src/system_stm32f1xx.o
LOAD ./Core/Startup/startup_stm32f103c8tx.o
LOAD ./Drivers/STM32F1xx_HAL_Driver/Src/stm32f1xx_hal.o
LOAD ./Drivers/STM32F1xx_HAL_Driver/Src/stm32f1xx_hal_cortex.o
LOAD ./Drivers/STM32F1xx_HAL_Driver/Src/stm32f1xx_hal_dma.o
LOAD ./Drivers/STM32F1xx_HAL_Driver/Src/stm32f1xx_hal_exti.o
LOAD ./Drivers/STM32F1xx_HAL_Driver/Src/stm32f1xx_hal_flash.o
LOAD ./Drivers/STM32F1xx_HAL_Driver/Src/stm32f1xx_hal_flash_ex.o
LOAD ./Drivers/STM32F1xx_HAL_Driver/Src/stm32f1xx_hal_gpio.o
LOAD ./Drivers/STM32F1xx_HAL_Driver/Src/stm32f1xx_hal_gpio_ex.o
LOAD ./Drivers/STM32F1xx_HAL_Driver/Src/stm32f1xx_hal_pwr.o
LOAD ./Drivers/STM32F1xx_HAL_Driver/Src/stm32f1xx_hal_rcc.o
LOAD ./Drivers/STM32F1xx_HAL_Driver/Src/stm32f1xx_hal_rcc_ex.o
LOAD ./Drivers/STM32F1xx_HAL_Driver/Src/stm32f1xx_hal_tim.o
LOAD ./Drivers/STM32F1xx_HAL_Driver/Src/stm32f1xx_hal_tim_ex.o
LOAD ./Drivers/STM32F1xx_HAL_Driver/Src/stm32f1xx_hal_uart.o
LOAD ./Middlewares/Third_Party/FreeRTOS/Source/CMSIS_RTOS/cmsis_os.o
LOAD ./Middlewares/Third_Party/FreeRTOS/Source/croutine.o
LOAD ./Middlewares/Third_Party/FreeRTOS/Source/event_groups.o
LOAD ./Middlewares/Third_Party/FreeRTOS/Source/list.o
LOAD ./Middlewares/Third_Party/FreeRTOS/Source/queue.o
LOAD ./Middlewares/Third_Party/FreeRTOS/Source/stream_buffer.o
LOAD ./Middlewares/Third_Party/FreeRTOS/Source/tasks.o
LOAD ./Middlewares/Third_Party/FreeRTOS/Source/timers.o
LOAD ./Middlewares/Third_Party/FreeRTOS/Source/portable/GCC/ARM_CM3/port.o
LOAD ./Middlewares/Third_Party/FreeRTOS/Source/portable/MemMang/heap_4.o
START GROUP
LOAD C:/ST/STM32CubeIDE_2.1.1/STM32CubeIDE/plugins/com.st.stm32cube.ide.mcu.externaltools.gnu-tools-for-stm32.14.3.rel1.win32_1.0.100.202602081740/tools/bin/../lib/gcc/arm-none-eabi/14.3.1/../../../../arm-none-eabi/lib/thumb/v7-m/nofp\libc_nano.a
LOAD C:/ST/STM32CubeIDE_2.1.1/STM32CubeIDE/plugins/com.st.stm32cube.ide.mcu.externaltools.gnu-tools-for-stm32.14.3.rel1.win32_1.0.100.202602081740/tools/bin/../lib/gcc/arm-none-eabi/14.3.1/../../../../arm-none-eabi/lib/thumb/v7-m/nofp\libm.a
END GROUP
START GROUP
LOAD C:/ST/STM32CubeIDE_2.1.1/STM32CubeIDE/plugins/com.st.stm32cube.ide.mcu.externaltools.gnu-tools-for-stm32.14.3.rel1.win32_1.0.100.202602081740/tools/bin/../lib/gcc/arm-none-eabi/14.3.1/thumb/v7-m/nofp\libgcc.a
LOAD C:/ST/STM32CubeIDE_2.1.1/STM32CubeIDE/plugins/com.st.stm32cube.ide.mcu.externaltools.gnu-tools-for-stm32.14.3.rel1.win32_1.0.100.202602081740/tools/bin/../lib/gcc/arm-none-eabi/14.3.1/../../../../arm-none-eabi/lib/thumb/v7-m/nofp\libc_nano.a
END GROUP
START GROUP
LOAD C:/ST/STM32CubeIDE_2.1.1/STM32CubeIDE/plugins/com.st.stm32cube.ide.mcu.externaltools.gnu-tools-for-stm32.14.3.rel1.win32_1.0.100.202602081740/tools/bin/../lib/gcc/arm-none-eabi/14.3.1/thumb/v7-m/nofp\libgcc.a
LOAD C:/ST/STM32CubeIDE_2.1.1/STM32CubeIDE/plugins/com.st.stm32cube.ide.mcu.externaltools.gnu-tools-for-stm32.14.3.rel1.win32_1.0.100.202602081740/tools/bin/../lib/gcc/arm-none-eabi/14.3.1/../../../../arm-none-eabi/lib/thumb/v7-m/nofp\libc_nano.a
LOAD C:/ST/STM32CubeIDE_2.1.1/STM32CubeIDE/plugins/com.st.stm32cube.ide.mcu.externaltools.gnu-tools-for-stm32.14.3.rel1.win32_1.0.100.202602081740/tools/bin/../lib/gcc/arm-none-eabi/14.3.1/../../../../arm-none-eabi/lib/thumb/v7-m/nofp\libnosys.a
END GROUP
START GROUP
LOAD C:/ST/STM32CubeIDE_2.1.1/STM32CubeIDE/plugins/com.st.stm32cube.ide.mcu.externaltools.gnu-tools-for-stm32.14.3.rel1.win32_1.0.100.202602081740/tools/bin/../lib/gcc/arm-none-eabi/14.3.1/thumb/v7-m/nofp\libgcc.a
LOAD C:/ST/STM32CubeIDE_2.1.1/STM32CubeIDE/plugins/com.st.stm32cube.ide.mcu.externaltools.gnu-tools-for-stm32.14.3.rel1.win32_1.0.100.202602081740/tools/bin/../lib/gcc/arm-none-eabi/14.3.1/../../../../arm-none-eabi/lib/thumb/v7-m/nofp\libc_nano.a
LOAD C:/ST/STM32CubeIDE_2.1.1/STM32CubeIDE/plugins/com.st.stm32cube.ide.mcu.externaltools.gnu-tools-for-stm32.14.3.rel1.win32_1.0.100.202602081740/tools/bin/../lib/gcc/arm-none-eabi/14.3.1/../../../../arm-none-eabi/lib/thumb/v7-m/nofp\libnosys.a
END GROUP
LOAD C:/ST/STM32CubeIDE_2.1.1/STM32CubeIDE/plugins/com.st.stm32cube.ide.mcu.externaltools.gnu-tools-for-stm32.14.3.rel1.win32_1.0.100.202602081740/tools/bin/../lib/gcc/arm-none-eabi/14.3.1/thumb/v7-m/nofp/crtend.o
LOAD C:/ST/STM32CubeIDE_2.1.1/STM32CubeIDE/plugins/com.st.stm32cube.ide.mcu.externaltools.gnu-tools-for-stm32.14.3.rel1.win32_1.0.100.202602081740/tools/bin/../lib/gcc/arm-none-eabi/14.3.1/thumb/v7-m/nofp/crtn.o
                0x20005000                        _estack = (ORIGIN (RAM) + LENGTH (RAM))
                0x00000400                        _Min_Heap_Size = 0x400
                0x00000400                        _Min_Stack_Size = 0x400

.isr_vector     0x08000000      0x10c
                0x08000000                        . = ALIGN (0x4)
 *(.isr_vector)
 .isr_vector    0x08000000      0x10c ./Core/Startup/startup_stm32f103c8tx.o
                0x08000000                g_pfnVectors
                0x0800010c                        . = ALIGN (0x4)

.text           0x08000110     0x60f4
                0x08000110                        . = ALIGN (0x4)
 *(.text)
 .text          0x08000110       0x40 C:/ST/STM32CubeIDE_2.1.1/STM32CubeIDE/plugins/com.st.stm32cube.ide.mcu.externaltools.gnu-tools-for-stm32.14.3.rel1.win32_1.0.100.202602081740/tools/bin/../lib/gcc/arm-none-eabi/14.3.1/thumb/v7-m/nofp/crtbegin.o
 .text          0x08000150       0x14 C:/ST/STM32CubeIDE_2.1.1/STM32CubeIDE/plugins/com.st.stm32cube.ide.mcu.externaltools.gnu-tools-for-stm32.14.3.rel1.win32_1.0.100.202602081740/tools/bin/../lib/gcc/arm-none-eabi/14.3.1/../../../../arm-none-eabi/lib/thumb/v7-m/nofp\libc_nano.a(libc_a-strcmp.o)
                0x08000150                strcmp
 .text          0x08000164       0x10 C:/ST/STM32CubeIDE_2.1.1/STM32CubeIDE/plugins/com.st.stm32cube.ide.mcu.externaltools.gnu-tools-for-stm32.14.3.rel1.win32_1.0.100.202602081740/tools/bin/../lib/gcc/arm-none-eabi/14.3.1/../../../../arm-none-eabi/lib/thumb/v7-m/nofp\libc_nano.a(libc_a-strlen.o)
                0x08000164                strlen
 *(.text*)
 .text.modbus_crc
                0x08000174       0x78 ./Core/Src/battery_client.o
 .text.battery_client_init
                0x080001ec       0x20 ./Core/Src/battery_client.o
                0x080001ec                battery_client_init
 .text.battery_read_basic
                0x0800020c      0x1ec ./Core/Src/battery_client.o
                0x0800020c                battery_read_basic
 .text.cli_printf
                0x080003f8       0x4c ./Core/Src/cli.o
                0x080003f8                cli_printf
 .text.ProcessarComando
                0x08000444      0x1f4 ./Core/Src/cli.o
                0x08000444                ProcessarComando
 .text.StartCLITask
                0x08000638       0xe8 ./Core/Src/cli.o
                0x08000638                StartCLITask
 .text.vApplicationGetIdleTaskMemory
                0x08000720       0x30 ./Core/Src/freertos.o
                0x08000720                vApplicationGetIdleTaskMemory
 .text.main     0x08000750       0xc0 ./Core/Src/main.o
                0x08000750                main
 .text.SystemClock_Config
                0x08000810       0x8a ./Core/Src/main.o
                0x08000810                SystemClock_Config
 *fill*         0x0800089a        0x2 
 .text.MX_USART1_UART_Init
                0x0800089c       0x54 ./Core/Src/main.o
 .text.MX_USART2_UART_Init
                0x080008f0       0x54 ./Core/Src/main.o
 .text.MX_USART3_UART_Init
                0x08000944       0x54 ./Core/Src/main.o
 .text.MX_DMA_Init
                0x08000998       0x6c ./Core/Src/main.o
 .text.MX_GPIO_Init
                0x08000a04      0x108 ./Core/Src/main.o
 .text.HAL_UARTEx_RxEventCallback
                0x08000b0c       0x2c ./Core/Src/main.o
                0x08000b0c                HAL_UARTEx_RxEventCallback
 .text.HAL_UART_ErrorCallback
                0x08000b38       0x12 ./Core/Src/main.o
                0x08000b38                HAL_UART_ErrorCallback
 .text.StartModbusTask
                0x08000b4a       0x16 ./Core/Src/main.o
                0x08000b4a                StartModbusTask
 .text.StartBatteryTask
                0x08000b60       0x2c ./Core/Src/main.o
                0x08000b60                StartBatteryTask
 .text.HAL_TIM_PeriodElapsedCallback
                0x08000b8c       0x24 ./Core/Src/main.o
                0x08000b8c                HAL_TIM_PeriodElapsedCallback
 .text.Error_Handler
                0x08000bb0        0xc ./Core/Src/main.o
                0x08000bb0                Error_Handler
 .text.modbus_crc
                0x08000bbc       0x78 ./Core/Src/modbus_rtu.o
 .text.send_exception
                0x08000c34       0x78 ./Core/Src/modbus_rtu.o
 .text.modbus_init
                0x08000cac       0x30 ./Core/Src/modbus_rtu.o
                0x08000cac                modbus_init
 .text.modbus_rtu_rx_complete
                0x08000cdc       0x28 ./Core/Src/modbus_rtu.o
                0x08000cdc                modbus_rtu_rx_complete
 .text.modbus_poll
                0x08000d04      0x21c ./Core/Src/modbus_rtu.o
                0x08000d04                modbus_poll
 .text.rs485_tx
                0x08000f20       0x20 ./Core/Src/rs485.o
                0x08000f20                rs485_tx
 .text.rs485_rx
                0x08000f40       0x20 ./Core/Src/rs485.o
                0x08000f40                rs485_rx
 .text.HAL_MspInit
                0x08000f60       0x70 ./Core/Src/stm32f1xx_hal_msp.o
                0x08000f60                HAL_MspInit
 .text.HAL_UART_MspInit
                0x08000fd0      0x308 ./Core/Src/stm32f1xx_hal_msp.o
                0x08000fd0                HAL_UART_MspInit
 .text.HAL_InitTick
                0x080012d8       0xfc ./Core/Src/stm32f1xx_hal_timebase_tim.o
                0x080012d8                HAL_InitTick
 .text.NMI_Handler
                0x080013d4        0x8 ./Core/Src/stm32f1xx_it.o
                0x080013d4                NMI_Handler
 .text.HardFault_Handler
                0x080013dc        0x8 ./Core/Src/stm32f1xx_it.o
                0x080013dc                HardFault_Handler
 .text.MemManage_Handler
                0x080013e4        0x8 ./Core/Src/stm32f1xx_it.o
                0x080013e4                MemManage_Handler
 .text.BusFault_Handler
                0x080013ec        0x8 ./Core/Src/stm32f1xx_it.o
                0x080013ec                BusFault_Handler
 .text.UsageFault_Handler
                0x080013f4        0x8 ./Core/Src/stm32f1xx_it.o
                0x080013f4                UsageFault_Handler
 .text.DebugMon_Handler
                0x080013fc        0xc ./Core/Src/stm32f1xx_it.o
                0x080013fc                DebugMon_Handler
 .text.DMA1_Channel2_IRQHandler
                0x08001408       0x14 ./Core/Src/stm32f1xx_it.o
                0x08001408                DMA1_Channel2_IRQHandler
 .text.DMA1_Channel3_IRQHandler
                0x0800141c       0x14 ./Core/Src/stm32f1xx_it.o
                0x0800141c                DMA1_Channel3_IRQHandler
 .text.DMA1_Channel4_IRQHandler
                0x08001430       0x14 ./Core/Src/stm32f1xx_it.o
                0x08001430                DMA1_Channel4_IRQHandler
 .text.DMA1_Channel5_IRQHandler
                0x08001444       0x14 ./Core/Src/stm32f1xx_it.o
                0x08001444                DMA1_Channel5_IRQHandler
 .text.TIM4_IRQHandler
                0x08001458       0x14 ./Core/Src/stm32f1xx_it.o
                0x08001458                TIM4_IRQHandler
 .text.USART1_IRQHandler
                0x0800146c       0x14 ./Core/Src/stm32f1xx_it.o
                0x0800146c                USART1_IRQHandler
 .text.USART2_IRQHandler
                0x08001480       0x14 ./Core/Src/stm32f1xx_it.o
                0x08001480                USART2_IRQHandler
 .text.USART3_IRQHandler
                0x08001494       0x14 ./Core/Src/stm32f1xx_it.o
                0x08001494                USART3_IRQHandler
 .text.write_str
                0x080014a8       0x8c ./Core/Src/sunspec.o
 .text.sunspec_init
                0x08001534      0x100 ./Core/Src/sunspec.o
                0x08001534                sunspec_init
 .text.clamp_i16
                0x08001634       0x34 ./Core/Src/sunspec.o
 .text.sunspec_update
                0x08001668      0x118 ./Core/Src/sunspec.o
                0x08001668                sunspec_update
 .text._sbrk    0x08001780       0x6c ./Core/Src/sysmem.o
                0x08001780                _sbrk
 .text.SystemInit
                0x080017ec        0xc ./Core/Src/system_stm32f1xx.o
                0x080017ec                SystemInit
 .text.Reset_Handler
                0x080017f8       0x48 ./Core/Startup/startup_stm32f103c8tx.o
                0x080017f8                Reset_Handler
 .text.Default_Handler
                0x08001840        0x2 ./Core/Startup/startup_stm32f103c8tx.o
                0x08001840                RTC_Alarm_IRQHandler
                0x08001840                EXTI2_IRQHandler
                0x08001840                TIM1_CC_IRQHandler
                0x08001840                PVD_IRQHandler
                0x08001840                EXTI3_IRQHandler
                0x08001840                EXTI0_IRQHandler
                0x08001840                I2C2_EV_IRQHandler
                0x08001840                ADC1_2_IRQHandler
                0x08001840                SPI1_IRQHandler
                0x08001840                TAMPER_IRQHandler
                0x08001840                RTC_IRQHandler
                0x08001840                DMA1_Channel7_IRQHandler
                0x08001840                CAN1_RX1_IRQHandler
                0x08001840                I2C1_EV_IRQHandler
                0x08001840                DMA1_Channel6_IRQHandler
                0x08001840                TIM3_IRQHandler
                0x08001840                RCC_IRQHandler
                0x08001840                TIM1_TRG_COM_IRQHandler
                0x08001840                DMA1_Channel1_IRQHandler
                0x08001840                Default_Handler
                0x08001840                EXTI15_10_IRQHandler
                0x08001840                EXTI9_5_IRQHandler
                0x08001840                SPI2_IRQHandler
                0x08001840                EXTI4_IRQHandler
                0x08001840                USB_LP_CAN1_RX0_IRQHandler
                0x08001840                USB_HP_CAN1_TX_IRQHandler
                0x08001840                TIM1_UP_IRQHandler
                0x08001840                WWDG_IRQHandler
                0x08001840                TIM2_IRQHandler
                0x08001840                TIM1_BRK_IRQHandler
                0x08001840                EXTI1_IRQHandler
                0x08001840                I2C2_ER_IRQHandler
                0x08001840                CAN1_SCE_IRQHandler
                0x08001840                FLASH_IRQHandler
                0x08001840                I2C1_ER_IRQHandler
                0x08001840                USBWakeUp_IRQHandler
 *fill*         0x08001842        0x2 
 .text.HAL_Init
                0x08001844       0x2c ./Drivers/STM32F1xx_HAL_Driver/Src/stm32f1xx_hal.o
                0x08001844                HAL_Init
 .text.HAL_IncTick
                0x08001870       0x24 ./Drivers/STM32F1xx_HAL_Driver/Src/stm32f1xx_hal.o
                0x08001870                HAL_IncTick
 .text.HAL_GetTick
                0x08001894       0x14 ./Drivers/STM32F1xx_HAL_Driver/Src/stm32f1xx_hal.o
                0x08001894                HAL_GetTick
 .text.__NVIC_SetPriorityGrouping
                0x080018a8       0x48 ./Drivers/STM32F1xx_HAL_Driver/Src/stm32f1xx_hal_cortex.o
 .text.__NVIC_GetPriorityGrouping
                0x080018f0       0x1c ./Drivers/STM32F1xx_HAL_Driver/Src/stm32f1xx_hal_cortex.o
 .text.__NVIC_EnableIRQ
                0x0800190c       0x38 ./Drivers/STM32F1xx_HAL_Driver/Src/stm32f1xx_hal_cortex.o
 .text.__NVIC_SetPriority
                0x08001944       0x54 ./Drivers/STM32F1xx_HAL_Driver/Src/stm32f1xx_hal_cortex.o
 .text.NVIC_EncodePriority
                0x08001998       0x64 ./Drivers/STM32F1xx_HAL_Driver/Src/stm32f1xx_hal_cortex.o
 .text.HAL_NVIC_SetPriorityGrouping
                0x080019fc       0x16 ./Drivers/STM32F1xx_HAL_Driver/Src/stm32f1xx_hal_cortex.o
                0x080019fc                HAL_NVIC_SetPriorityGrouping
 .text.HAL_NVIC_SetPriority
                0x08001a12       0x38 ./Drivers/STM32F1xx_HAL_Driver/Src/stm32f1xx_hal_cortex.o
                0x08001a12                HAL_NVIC_SetPriority
 .text.HAL_NVIC_EnableIRQ
                0x08001a4a       0x1c ./Drivers/STM32F1xx_HAL_Driver/Src/stm32f1xx_hal_cortex.o
                0x08001a4a                HAL_NVIC_EnableIRQ
 *fill*         0x08001a66        0x2 
 .text.HAL_DMA_Init
                0x08001a68       0xb4 ./Drivers/STM32F1xx_HAL_Driver/Src/stm32f1xx_hal_dma.o
                0x08001a68                HAL_DMA_Init
 .text.HAL_DMA_Start_IT
                0x08001b1c       0xc0 ./Drivers/STM32F1xx_HAL_Driver/Src/stm32f1xx_hal_dma.o
                0x08001b1c                HAL_DMA_Start_IT
 .text.HAL_DMA_Abort
                0x08001bdc       0x76 ./Drivers/STM32F1xx_HAL_Driver/Src/stm32f1xx_hal_dma.o
                0x08001bdc                HAL_DMA_Abort
 *fill*         0x08001c52        0x2 
 .text.HAL_DMA_Abort_IT
                0x08001c54       0xf0 ./Drivers/STM32F1xx_HAL_Driver/Src/stm32f1xx_hal_dma.o
                0x08001c54                HAL_DMA_Abort_IT
 .text.HAL_DMA_IRQHandler
                0x08001d44      0x20c ./Drivers/STM32F1xx_HAL_Driver/Src/stm32f1xx_hal_dma.o
                0x08001d44                HAL_DMA_IRQHandler
 .text.DMA_SetConfig
                0x08001f50       0x5a ./Drivers/STM32F1xx_HAL_Driver/Src/stm32f1xx_hal_dma.o
 *fill*         0x08001faa        0x2 
 .text.HAL_GPIO_Init
                0x08001fac      0x308 ./Drivers/STM32F1xx_HAL_Driver/Src/stm32f1xx_hal_gpio.o
                0x08001fac                HAL_GPIO_Init
 .text.HAL_GPIO_WritePin
                0x080022b4       0x30 ./Drivers/STM32F1xx_HAL_Driver/Src/stm32f1xx_hal_gpio.o
                0x080022b4                HAL_GPIO_WritePin
 .text.HAL_GPIO_TogglePin
                0x080022e4       0x32 ./Drivers/STM32F1xx_HAL_Driver/Src/stm32f1xx_hal_gpio.o
                0x080022e4                HAL_GPIO_TogglePin
 *fill*         0x08002316        0x2 
 .text.HAL_RCC_OscConfig
                0x08002318      0x504 ./Drivers/STM32F1xx_HAL_Driver/Src/stm32f1xx_hal_rcc.o
                0x08002318                HAL_RCC_OscConfig
 .text.HAL_RCC_ClockConfig
                0x0800281c      0x1d4 ./Drivers/STM32F1xx_HAL_Driver/Src/stm32f1xx_hal_rcc.o
                0x0800281c                HAL_RCC_ClockConfig
 .text.HAL_RCC_GetSysClockFreq
                0x080029f0       0xa8 ./Drivers/STM32F1xx_HAL_Driver/Src/stm32f1xx_hal_rcc.o
                0x080029f0                HAL_RCC_GetSysClockFreq
 .text.HAL_RCC_GetHCLKFreq
                0x08002a98       0x14 ./Drivers/STM32F1xx_HAL_Driver/Src/stm32f1xx_hal_rcc.o
                0x08002a98                HAL_RCC_GetHCLKFreq
 .text.HAL_RCC_GetPCLK1Freq
                0x08002aac       0x28 ./Drivers/STM32F1xx_HAL_Driver/Src/stm32f1xx_hal_rcc.o
                0x08002aac                HAL_RCC_GetPCLK1Freq
 .text.HAL_RCC_GetPCLK2Freq
                0x08002ad4       0x28 ./Drivers/STM32F1xx_HAL_Driver/Src/stm32f1xx_hal_rcc.o
                0x08002ad4                HAL_RCC_GetPCLK2Freq
 .text.HAL_RCC_GetClockConfig
                0x08002afc       0x60 ./Drivers/STM32F1xx_HAL_Driver/Src/stm32f1xx_hal_rcc.o
                0x08002afc                HAL_RCC_GetClockConfig
 .text.RCC_Delay
                0x08002b5c       0x3c ./Drivers/STM32F1xx_HAL_Driver/Src/stm32f1xx_hal_rcc.o
 .text.HAL_TIM_Base_Init
                0x08002b98       0x9e ./Drivers/STM32F1xx_HAL_Driver/Src/stm32f1xx_hal_tim.o
                0x08002b98                HAL_TIM_Base_Init
 .text.HAL_TIM_Base_MspInit
                0x08002c36       0x12 ./Drivers/STM32F1xx_HAL_Driver/Src/stm32f1xx_hal_tim.o
                0x08002c36                HAL_TIM_Base_MspInit
 .text.HAL_TIM_Base_Start_IT
                0x08002c48       0xa4 ./Drivers/STM32F1xx_HAL_Driver/Src/stm32f1xx_hal_tim.o
                0x08002c48                HAL_TIM_Base_Start_IT
 .text.HAL_TIM_IRQHandler
                0x08002cec      0x1e0 ./Drivers/STM32F1xx_HAL_Driver/Src/stm32f1xx_hal_tim.o
                0x08002cec                HAL_TIM_IRQHandler
 .text.HAL_TIM_OC_DelayElapsedCallback
                0x08002ecc       0x12 ./Drivers/STM32F1xx_HAL_Driver/Src/stm32f1xx_hal_tim.o
                0x08002ecc                HAL_TIM_OC_DelayElapsedCallback
 .text.HAL_TIM_IC_CaptureCallback
                0x08002ede       0x12 ./Drivers/STM32F1xx_HAL_Driver/Src/stm32f1xx_hal_tim.o
                0x08002ede                HAL_TIM_IC_CaptureCallback
 .text.HAL_TIM_PWM_PulseFinishedCallback
                0x08002ef0       0x12 ./Drivers/STM32F1xx_HAL_Driver/Src/stm32f1xx_hal_tim.o
                0x08002ef0                HAL_TIM_PWM_PulseFinishedCallback
 .text.HAL_TIM_TriggerCallback
                0x08002f02       0x12 ./Drivers/STM32F1xx_HAL_Driver/Src/stm32f1xx_hal_tim.o
                0x08002f02                HAL_TIM_TriggerCallback
 .text.TIM_Base_SetConfig
                0x08002f14       0xdc ./Drivers/STM32F1xx_HAL_Driver/Src/stm32f1xx_hal_tim.o
                0x08002f14                TIM_Base_SetConfig
 .text.HAL_TIMEx_CommutCallback
                0x08002ff0       0x12 ./Drivers/STM32F1xx_HAL_Driver/Src/stm32f1xx_hal_tim_ex.o
                0x08002ff0                HAL_TIMEx_CommutCallback
 .text.HAL_TIMEx_BreakCallback
                0x08003002       0x12 ./Drivers/STM32F1xx_HAL_Driver/Src/stm32f1xx_hal_tim_ex.o
                0x08003002                HAL_TIMEx_BreakCallback
 .text.HAL_UART_Init
                0x08003014       0xa0 ./Drivers/STM32F1xx_HAL_Driver/Src/stm32f1xx_hal_uart.o
                0x08003014                HAL_UART_Init
 .text.HAL_UART_Transmit
                0x080030b4      0x116 ./Drivers/STM32F1xx_HAL_Driver/Src/stm32f1xx_hal_uart.o
                0x080030b4                HAL_UART_Transmit
 .text.HAL_UART_Receive
                0x080031ca      0x12e ./Drivers/STM32F1xx_HAL_Driver/Src/stm32f1xx_hal_uart.o
                0x080031ca                HAL_UART_Receive
 .text.HAL_UART_Receive_DMA
                0x080032f8       0x4a ./Drivers/STM32F1xx_HAL_Driver/Src/stm32f1xx_hal_uart.o
                0x080032f8                HAL_UART_Receive_DMA
 .text.HAL_UART_DMAStop
                0x08003342       0xfe ./Drivers/STM32F1xx_HAL_Driver/Src/stm32f1xx_hal_uart.o
                0x08003342                HAL_UART_DMAStop
 .text.HAL_UARTEx_ReceiveToIdle_IT
                0x08003440       0xba ./Drivers/STM32F1xx_HAL_Driver/Src/stm32f1xx_hal_uart.o
                0x08003440                HAL_UARTEx_ReceiveToIdle_IT
 *fill*         0x080034fa        0x2 
 .text.HAL_UART_IRQHandler
                0x080034fc      0x524 ./Drivers/STM32F1xx_HAL_Driver/Src/stm32f1xx_hal_uart.o
                0x080034fc                HAL_UART_IRQHandler
 .text.HAL_UART_TxCpltCallback
                0x08003a20       0x12 ./Drivers/STM32F1xx_HAL_Driver/Src/stm32f1xx_hal_uart.o
                0x08003a20                HAL_UART_TxCpltCallback
 .text.HAL_UART_RxCpltCallback
                0x08003a32       0x12 ./Drivers/STM32F1xx_HAL_Driver/Src/stm32f1xx_hal_uart.o
                0x08003a32                HAL_UART_RxCpltCallback
 .text.HAL_UART_RxHalfCpltCallback
                0x08003a44       0x12 ./Drivers/STM32F1xx_HAL_Driver/Src/stm32f1xx_hal_uart.o
                0x08003a44                HAL_UART_RxHalfCpltCallback
 .text.UART_DMAReceiveCplt
                0x08003a56      0x12c ./Drivers/STM32F1xx_HAL_Driver/Src/stm32f1xx_hal_uart.o
 .text.UART_DMARxHalfCplt
                0x08003b82       0x3c ./Drivers/STM32F1xx_HAL_Driver/Src/stm32f1xx_hal_uart.o
 .text.UART_DMAError
                0x08003bbe       0x94 ./Drivers/STM32F1xx_HAL_Driver/Src/stm32f1xx_hal_uart.o
 .text.UART_WaitOnFlagUntilTimeout
                0x08003c52       0xb2 ./Drivers/STM32F1xx_HAL_Driver/Src/stm32f1xx_hal_uart.o
 .text.UART_Start_Receive_IT
                0x08003d04       0x72 ./Drivers/STM32F1xx_HAL_Driver/Src/stm32f1xx_hal_uart.o
                0x08003d04                UART_Start_Receive_IT
 *fill*         0x08003d76        0x2 
 .text.UART_Start_Receive_DMA
                0x08003d78      0x134 ./Drivers/STM32F1xx_HAL_Driver/Src/stm32f1xx_hal_uart.o
                0x08003d78                UART_Start_Receive_DMA
 .text.UART_EndTxTransfer
                0x08003eac       0x4e ./Drivers/STM32F1xx_HAL_Driver/Src/stm32f1xx_hal_uart.o
 .text.UART_EndRxTransfer
                0x08003efa       0xc4 ./Drivers/STM32F1xx_HAL_Driver/Src/stm32f1xx_hal_uart.o
 .text.UART_DMAAbortOnError
                0x08003fbe       0x28 ./Drivers/STM32F1xx_HAL_Driver/Src/stm32f1xx_hal_uart.o
 .text.UART_Transmit_IT
                0x08003fe6       0x9e ./Drivers/STM32F1xx_HAL_Driver/Src/stm32f1xx_hal_uart.o
 .text.UART_EndTransmit_IT
                0x08004084       0x30 ./Drivers/STM32F1xx_HAL_Driver/Src/stm32f1xx_hal_uart.o
 .text.UART_Receive_IT
                0x080040b4      0x17c ./Drivers/STM32F1xx_HAL_Driver/Src/stm32f1xx_hal_uart.o
 .text.UART_SetConfig
                0x08004230      0x11c ./Drivers/STM32F1xx_HAL_Driver/Src/stm32f1xx_hal_uart.o
 .text.makeFreeRtosPriority
                0x0800434c       0x2e ./Middlewares/Third_Party/FreeRTOS/Source/CMSIS_RTOS/cmsis_os.o
 .text.inHandlerMode
                0x0800437a       0x22 ./Middlewares/Third_Party/FreeRTOS/Source/CMSIS_RTOS/cmsis_os.o
 .text.osKernelStart
                0x0800439c        0xe ./Middlewares/Third_Party/FreeRTOS/Source/CMSIS_RTOS/cmsis_os.o
                0x0800439c                osKernelStart
 .text.osKernelSysTick
                0x080043aa       0x20 ./Middlewares/Third_Party/FreeRTOS/Source/CMSIS_RTOS/cmsis_os.o
                0x080043aa                osKernelSysTick
 .text.osThreadCreate
                0x080043ca       0x98 ./Middlewares/Third_Party/FreeRTOS/Source/CMSIS_RTOS/cmsis_os.o
                0x080043ca                osThreadCreate
 .text.osDelay  0x08004462       0x28 ./Middlewares/Third_Party/FreeRTOS/Source/CMSIS_RTOS/cmsis_os.o
                0x08004462                osDelay
 .text.vListInitialise
                0x0800448a       0x3e ./Middlewares/Third_Party/FreeRTOS/Source/list.o
                0x0800448a                vListInitialise
 .text.vListInitialiseItem
                0x080044c8       0x18 ./Middlewares/Third_Party/FreeRTOS/Source/list.o
                0x080044c8                vListInitialiseItem
 .text.vListInsertEnd
                0x080044e0       0x46 ./Middlewares/Third_Party/FreeRTOS/Source/list.o
                0x080044e0                vListInsertEnd
 .text.vListInsert
                0x08004526       0x70 ./Middlewares/Third_Party/FreeRTOS/Source/list.o
                0x08004526                vListInsert
 .text.uxListRemove
                0x08004596       0x52 ./Middlewares/Third_Party/FreeRTOS/Source/list.o
                0x08004596                uxListRemove
 .text.xTaskCreateStatic
                0x080045e8       0xc0 ./Middlewares/Third_Party/FreeRTOS/Source/tasks.o
                0x080045e8                xTaskCreateStatic
 .text.xTaskCreate
                0x080046a8       0x8a ./Middlewares/Third_Party/FreeRTOS/Source/tasks.o
                0x080046a8                xTaskCreate
 .text.prvInitialiseNewTask
                0x08004732      0x110 ./Middlewares/Third_Party/FreeRTOS/Source/tasks.o
 *fill*         0x08004842        0x2 
 .text.prvAddNewTaskToReadyList
                0x08004844       0xd4 ./Middlewares/Third_Party/FreeRTOS/Source/tasks.o
 .text.vTaskDelay
                0x08004918       0x6c ./Middlewares/Third_Party/FreeRTOS/Source/tasks.o
                0x08004918                vTaskDelay
 .text.vTaskStartScheduler
                0x08004984       0xc4 ./Middlewares/Third_Party/FreeRTOS/Source/tasks.o
                0x08004984                vTaskStartScheduler
 .text.vTaskSuspendAll
                0x08004a48       0x1c ./Middlewares/Third_Party/FreeRTOS/Source/tasks.o
                0x08004a48                vTaskSuspendAll
 .text.xTaskResumeAll
                0x08004a64      0x13c ./Middlewares/Third_Party/FreeRTOS/Source/tasks.o
                0x08004a64                xTaskResumeAll
 .text.xTaskGetTickCount
                0x08004ba0       0x1c ./Middlewares/Third_Party/FreeRTOS/Source/tasks.o
                0x08004ba0                xTaskGetTickCount
 .text.xTaskGetTickCountFromISR
                0x08004bbc       0x24 ./Middlewares/Third_Party/FreeRTOS/Source/tasks.o
                0x08004bbc                xTaskGetTickCountFromISR
 .text.xTaskIncrementTick
                0x08004be0      0x174 ./Middlewares/Third_Party/FreeRTOS/Source/tasks.o
                0x08004be0                xTaskIncrementTick
 .text.vTaskSwitchContext
                0x08004d54       0xb8 ./Middlewares/Third_Party/FreeRTOS/Source/tasks.o
                0x08004d54                vTaskSwitchContext
 .text.prvIdleTask
                0x08004e0c       0x30 ./Middlewares/Third_Party/FreeRTOS/Source/tasks.o
 .text.prvInitialiseTaskLists
                0x08004e3c       0x80 ./Middlewares/Third_Party/FreeRTOS/Source/tasks.o
 .text.prvCheckTasksWaitingTermination
                0x08004ebc       0x5c ./Middlewares/Third_Party/FreeRTOS/Source/tasks.o
 .text.prvDeleteTCB
                0x08004f18       0x60 ./Middlewares/Third_Party/FreeRTOS/Source/tasks.o
 .text.prvResetNextTaskUnblockTime
                0x08004f78       0x40 ./Middlewares/Third_Party/FreeRTOS/Source/tasks.o
 .text.prvAddCurrentTaskToDelayedList
                0x08004fb8       0xcc ./Middlewares/Third_Party/FreeRTOS/Source/tasks.o
 .text.pxPortInitialiseStack
                0x08005084       0x58 ./Middlewares/Third_Party/FreeRTOS/Source/portable/GCC/ARM_CM3/port.o
                0x08005084                pxPortInitialiseStack
 .text.prvTaskExitError
                0x080050dc       0x58 ./Middlewares/Third_Party/FreeRTOS/Source/portable/GCC/ARM_CM3/port.o
 *fill*         0x08005134        0xc 
 .text.SVC_Handler
                0x08005140       0x28 ./Middlewares/Third_Party/FreeRTOS/Source/portable/GCC/ARM_CM3/port.o
                0x08005140                SVC_Handler
 .text.prvPortStartFirstTask
                0x08005168       0x20 ./Middlewares/Third_Party/FreeRTOS/Source/portable/GCC/ARM_CM3/port.o
 .text.xPortStartScheduler
                0x08005188       0xe4 ./Middlewares/Third_Party/FreeRTOS/Source/portable/GCC/ARM_CM3/port.o
                0x08005188                xPortStartScheduler
 .text.vPortEnterCritical
                0x0800526c       0x60 ./Middlewares/Third_Party/FreeRTOS/Source/portable/GCC/ARM_CM3/port.o
                0x0800526c                vPortEnterCritical
 .text.vPortExitCritical
                0x080052cc       0x54 ./Middlewares/Third_Party/FreeRTOS/Source/portable/GCC/ARM_CM3/port.o
                0x080052cc                vPortExitCritical
 .text.PendSV_Handler
                0x08005320       0x48 ./Middlewares/Third_Party/FreeRTOS/Source/portable/GCC/ARM_CM3/port.o
                0x08005320                PendSV_Handler
 .text.SysTick_Handler
                0x08005368       0x44 ./Middlewares/Third_Party/FreeRTOS/Source/portable/GCC/ARM_CM3/port.o
                0x08005368                SysTick_Handler
 .text.vPortSetupTimerInterrupt
                0x080053ac       0x44 ./Middlewares/Third_Party/FreeRTOS/Source/portable/GCC/ARM_CM3/port.o
                0x080053ac                vPortSetupTimerInterrupt
 .text.vPortValidateInterruptPriority
                0x080053f0       0x80 ./Middlewares/Third_Party/FreeRTOS/Source/portable/GCC/ARM_CM3/port.o
                0x080053f0                vPortValidateInterruptPriority
 .text.pvPortMalloc
                0x08005470      0x19c ./Middlewares/Third_Party/FreeRTOS/Source/portable/MemMang/heap_4.o
                0x08005470                pvPortMalloc
 .text.vPortFree
                0x0800560c       0xc8 ./Middlewares/Third_Party/FreeRTOS/Source/portable/MemMang/heap_4.o
                0x0800560c                vPortFree
 .text.prvHeapInit
                0x080056d4       0xc4 ./Middlewares/Third_Party/FreeRTOS/Source/portable/MemMang/heap_4.o
 .text.prvInsertBlockIntoFreeList
                0x08005798       0xb0 ./Middlewares/Third_Party/FreeRTOS/Source/portable/MemMang/heap_4.o
 .text._vsnprintf_r
                0x08005848       0x5c C:/ST/STM32CubeIDE_2.1.1/STM32CubeIDE/plugins/com.st.stm32cube.ide.mcu.externaltools.gnu-tools-for-stm32.14.3.rel1.win32_1.0.100.202602081740/tools/bin/../lib/gcc/arm-none-eabi/14.3.1/../../../../arm-none-eabi/lib/thumb/v7-m/nofp\libc_nano.a(libc_a-vsnprintf.o)
                0x08005848                _vsniprintf_r
                0x08005848                _vsnprintf_r
 .text.vsnprintf
                0x080058a4       0x1c C:/ST/STM32CubeIDE_2.1.1/STM32CubeIDE/plugins/com.st.stm32cube.ide.mcu.externaltools.gnu-tools-for-stm32.14.3.rel1.win32_1.0.100.202602081740/tools/bin/../lib/gcc/arm-none-eabi/14.3.1/../../../../arm-none-eabi/lib/thumb/v7-m/nofp\libc_nano.a(libc_a-vsnprintf.o)
                0x080058a4                vsniprintf
                0x080058a4                vsnprintf
 .text.memset   0x080058c0       0x10 C:/ST/STM32CubeIDE_2.1.1/STM32CubeIDE/plugins/com.st.stm32cube.ide.mcu.externaltools.gnu-tools-for-stm32.14.3.rel1.win32_1.0.100.202602081740/tools/bin/../lib/gcc/arm-none-eabi/14.3.1/../../../../arm-none-eabi/lib/thumb/v7-m/nofp\libc_nano.a(libc_a-memset.o)
                0x080058c0                memset
 .text.__errno  0x080058d0        0xc C:/ST/STM32CubeIDE_2.1.1/STM32CubeIDE/plugins/com.st.stm32cube.ide.mcu.externaltools.gnu-tools-for-stm32.14.3.rel1.win32_1.0.100.202602081740/tools/bin/../lib/gcc/arm-none-eabi/14.3.1/../../../../arm-none-eabi/lib/thumb/v7-m/nofp\libc_nano.a(libc_a-errno.o)
                0x080058d0                __errno
 .text.__libc_init_array
                0x080058dc       0x48 C:/ST/STM32CubeIDE_2.1.1/STM32CubeIDE/plugins/com.st.stm32cube.ide.mcu.externaltools.gnu-tools-for-stm32.14.3.rel1.win32_1.0.100.202602081740/tools/bin/../lib/gcc/arm-none-eabi/14.3.1/../../../../arm-none-eabi/lib/thumb/v7-m/nofp\libc_nano.a(libc_a-init.o)
                0x080058dc                __libc_init_array
 .text.__retarget_lock_acquire_recursive
                0x08005924        0x2 C:/ST/STM32CubeIDE_2.1.1/STM32CubeIDE/plugins/com.st.stm32cube.ide.mcu.externaltools.gnu-tools-for-stm32.14.3.rel1.win32_1.0.100.202602081740/tools/bin/../lib/gcc/arm-none-eabi/14.3.1/../../../../arm-none-eabi/lib/thumb/v7-m/nofp\libc_nano.a(libc_a-lock.o)
                0x08005924                __retarget_lock_acquire_recursive
 .text.__retarget_lock_release_recursive
                0x08005926        0x2 C:/ST/STM32CubeIDE_2.1.1/STM32CubeIDE/plugins/com.st.stm32cube.ide.mcu.externaltools.gnu-tools-for-stm32.14.3.rel1.win32_1.0.100.202602081740/tools/bin/../lib/gcc/arm-none-eabi/14.3.1/../../../../arm-none-eabi/lib/thumb/v7-m/nofp\libc_nano.a(libc_a-lock.o)
                0x08005926                __retarget_lock_release_recursive
 .text.memcpy   0x08005928       0x1c C:/ST/STM32CubeIDE_2.1.1/STM32CubeIDE/plugins/com.st.stm32cube.ide.mcu.externaltools.gnu-tools-for-stm32.14.3.rel1.win32_1.0.100.202602081740/tools/bin/../lib/gcc/arm-none-eabi/14.3.1/../../../../arm-none-eabi/lib/thumb/v7-m/nofp\libc_nano.a(libc_a-memcpy-stub.o)
                0x08005928                memcpy
 .text._free_r  0x08005944       0x90 C:/ST/STM32CubeIDE_2.1.1/STM32CubeIDE/plugins/com.st.stm32cube.ide.mcu.externaltools.gnu-tools-for-stm32.14.3.rel1.win32_1.0.100.202602081740/tools/bin/../lib/gcc/arm-none-eabi/14.3.1/../../../../arm-none-eabi/lib/thumb/v7-m/nofp\libc_nano.a(libc_a-freer.o)
                0x08005944                _free_r
 .text.sbrk_aligned
                0x080059d4       0x44 C:/ST/STM32CubeIDE_2.1.1/STM32CubeIDE/plugins/com.st.stm32cube.ide.mcu.externaltools.gnu-tools-for-stm32.14.3.rel1.win32_1.0.100.202602081740/tools/bin/../lib/gcc/arm-none-eabi/14.3.1/../../../../arm-none-eabi/lib/thumb/v7-m/nofp\libc_nano.a(libc_a-mallocr.o)
 .text._malloc_r
                0x08005a18      0x100 C:/ST/STM32CubeIDE_2.1.1/STM32CubeIDE/plugins/com.st.stm32cube.ide.mcu.externaltools.gnu-tools-for-stm32.14.3.rel1.win32_1.0.100.202602081740/tools/bin/../lib/gcc/arm-none-eabi/14.3.1/../../../../arm-none-eabi/lib/thumb/v7-m/nofp\libc_nano.a(libc_a-mallocr.o)
                0x08005a18                _malloc_r
 .text.__malloc_lock
                0x08005b18        0xc C:/ST/STM32CubeIDE_2.1.1/STM32CubeIDE/plugins/com.st.stm32cube.ide.mcu.externaltools.gnu-tools-for-stm32.14.3.rel1.win32_1.0.100.202602081740/tools/bin/../lib/gcc/arm-none-eabi/14.3.1/../../../../arm-none-eabi/lib/thumb/v7-m/nofp\libc_nano.a(libc_a-mlock.o)
                0x08005b18                __malloc_lock
 .text.__malloc_unlock
                0x08005b24        0xc C:/ST/STM32CubeIDE_2.1.1/STM32CubeIDE/plugins/com.st.stm32cube.ide.mcu.externaltools.gnu-tools-for-stm32.14.3.rel1.win32_1.0.100.202602081740/tools/bin/../lib/gcc/arm-none-eabi/14.3.1/../../../../arm-none-eabi/lib/thumb/v7-m/nofp\libc_nano.a(libc_a-mlock.o)
                0x08005b24                __malloc_unlock
 .text.__ssputs_r
                0x08005b30       0xc0 C:/ST/STM32CubeIDE_2.1.1/STM32CubeIDE/plugins/com.st.stm32cube.ide.mcu.externaltools.gnu-tools-for-stm32.14.3.rel1.win32_1.0.100.202602081740/tools/bin/../lib/gcc/arm-none-eabi/14.3.1/../../../../arm-none-eabi/lib/thumb/v7-m/nofp\libc_nano.a(libc_a-nano-svfprintf.o)
                0x08005b30                __ssputs_r
 .text._svfprintf_r
                0x08005bf0      0x1f0 C:/ST/STM32CubeIDE_2.1.1/STM32CubeIDE/plugins/com.st.stm32cube.ide.mcu.externaltools.gnu-tools-for-stm32.14.3.rel1.win32_1.0.100.202602081740/tools/bin/../lib/gcc/arm-none-eabi/14.3.1/../../../../arm-none-eabi/lib/thumb/v7-m/nofp\libc_nano.a(libc_a-nano-svfprintf.o)
                0x08005bf0                _svfiprintf_r
                0x08005bf0                _svfprintf_r
 .text._printf_common
                0x08005de0       0xe4 C:/ST/STM32CubeIDE_2.1.1/STM32CubeIDE/plugins/com.st.stm32cube.ide.mcu.externaltools.gnu-tools-for-stm32.14.3.rel1.win32_1.0.100.202602081740/tools/bin/../lib/gcc/arm-none-eabi/14.3.1/../../../../arm-none-eabi/lib/thumb/v7-m/nofp\libc_nano.a(libc_a-nano-vfprintf_i.o)
                0x08005de0                _printf_common
 .text._printf_i
                0x08005ec4      0x24c C:/ST/STM32CubeIDE_2.1.1/STM32CubeIDE/plugins/com.st.stm32cube.ide.mcu.externaltools.gnu-tools-for-stm32.14.3.rel1.win32_1.0.100.202602081740/tools/bin/../lib/gcc/arm-none-eabi/14.3.1/../../../../arm-none-eabi/lib/thumb/v7-m/nofp\libc_nano.a(libc_a-nano-vfprintf_i.o)
                0x08005ec4                _printf_i
 .text.memmove  0x08006110       0x32 C:/ST/STM32CubeIDE_2.1.1/STM32CubeIDE/plugins/com.st.stm32cube.ide.mcu.externaltools.gnu-tools-for-stm32.14.3.rel1.win32_1.0.100.202602081740/tools/bin/../lib/gcc/arm-none-eabi/14.3.1/../../../../arm-none-eabi/lib/thumb/v7-m/nofp\libc_nano.a(libc_a-memmove.o)
                0x08006110                memmove
 *fill*         0x08006142        0x2 
 .text._sbrk_r  0x08006144       0x20 C:/ST/STM32CubeIDE_2.1.1/STM32CubeIDE/plugins/com.st.stm32cube.ide.mcu.externaltools.gnu-tools-for-stm32.14.3.rel1.win32_1.0.100.202602081740/tools/bin/../lib/gcc/arm-none-eabi/14.3.1/../../../../arm-none-eabi/lib/thumb/v7-m/nofp\libc_nano.a(libc_a-sbrkr.o)
                0x08006144                _sbrk_r
 .text.memchr   0x08006164       0x1c C:/ST/STM32CubeIDE_2.1.1/STM32CubeIDE/plugins/com.st.stm32cube.ide.mcu.externaltools.gnu-tools-for-stm32.14.3.rel1.win32_1.0.100.202602081740/tools/bin/../lib/gcc/arm-none-eabi/14.3.1/../../../../arm-none-eabi/lib/thumb/v7-m/nofp\libc_nano.a(libc_a-memchr-stub.o)
                0x08006164                memchr
 .text._realloc_r
                0x08006180       0x5c C:/ST/STM32CubeIDE_2.1.1/STM32CubeIDE/plugins/com.st.stm32cube.ide.mcu.externaltools.gnu-tools-for-stm32.14.3.rel1.win32_1.0.100.202602081740/tools/bin/../lib/gcc/arm-none-eabi/14.3.1/../../../../arm-none-eabi/lib/thumb/v7-m/nofp\libc_nano.a(libc_a-reallocr.o)
                0x08006180                _realloc_r
 .text._malloc_usable_size_r
                0x080061dc       0x10 C:/ST/STM32CubeIDE_2.1.1/STM32CubeIDE/plugins/com.st.stm32cube.ide.mcu.externaltools.gnu-tools-for-stm32.14.3.rel1.win32_1.0.100.202602081740/tools/bin/../lib/gcc/arm-none-eabi/14.3.1/../../../../arm-none-eabi/lib/thumb/v7-m/nofp\libc_nano.a(libc_a-msizer.o)
                0x080061dc                _malloc_usable_size_r
 *(.glue_7)
 .glue_7        0x080061ec        0x0 linker stubs
 *(.glue_7t)
 .glue_7t       0x080061ec        0x0 linker stubs
 *(.eh_frame)
 .eh_frame      0x080061ec        0x0 C:/ST/STM32CubeIDE_2.1.1/STM32CubeIDE/plugins/com.st.stm32cube.ide.mcu.externaltools.gnu-tools-for-stm32.14.3.rel1.win32_1.0.100.202602081740/tools/bin/../lib/gcc/arm-none-eabi/14.3.1/thumb/v7-m/nofp/crtbegin.o
 *(.init)
 .init          0x080061ec        0x4 C:/ST/STM32CubeIDE_2.1.1/STM32CubeIDE/plugins/com.st.stm32cube.ide.mcu.externaltools.gnu-tools-for-stm32.14.3.rel1.win32_1.0.100.202602081740/tools/bin/../lib/gcc/arm-none-eabi/14.3.1/thumb/v7-m/nofp/crti.o
                0x080061ec                _init
 .init          0x080061f0        0x8 C:/ST/STM32CubeIDE_2.1.1/STM32CubeIDE/plugins/com.st.stm32cube.ide.mcu.externaltools.gnu-tools-for-stm32.14.3.rel1.win32_1.0.100.202602081740/tools/bin/../lib/gcc/arm-none-eabi/14.3.1/thumb/v7-m/nofp/crtn.o
 *(.fini)
 .fini          0x080061f8        0x4 C:/ST/STM32CubeIDE_2.1.1/STM32CubeIDE/plugins/com.st.stm32cube.ide.mcu.externaltools.gnu-tools-for-stm32.14.3.rel1.win32_1.0.100.202602081740/tools/bin/../lib/gcc/arm-none-eabi/14.3.1/thumb/v7-m/nofp/crti.o
                0x080061f8                _fini
 .fini          0x080061fc        0x8 C:/ST/STM32CubeIDE_2.1.1/STM32CubeIDE/plugins/com.st.stm32cube.ide.mcu.externaltools.gnu-tools-for-stm32.14.3.rel1.win32_1.0.100.202602081740/tools/bin/../lib/gcc/arm-none-eabi/14.3.1/thumb/v7-m/nofp/crtn.o
                0x08006204                        . = ALIGN (0x4)
                0x08006204                        _etext = .

.vfp11_veneer   0x08006204        0x0
 .vfp11_veneer  0x08006204        0x0 linker stubs

.v4_bx          0x08006204        0x0
 .v4_bx         0x08006204        0x0 linker stubs

.iplt           0x08006204        0x0
 .iplt          0x08006204        0x0 C:/ST/STM32CubeIDE_2.1.1/STM32CubeIDE/plugins/com.st.stm32cube.ide.mcu.externaltools.gnu-tools-for-stm32.14.3.rel1.win32_1.0.100.202602081740/tools/bin/../lib/gcc/arm-none-eabi/14.3.1/thumb/v7-m/nofp/crtbegin.o

.rodata         0x08006204      0x338
                0x08006204                        . = ALIGN (0x4)
 *(.rodata)
 .rodata        0x08006204      0x235 ./Core/Src/cli.o
 *fill*         0x08006439        0x3 
 .rodata        0x0800643c       0x74 ./Core/Src/main.o
 .rodata        0x080064b0       0x23 ./Core/Src/sunspec.o
 *fill*         0x080064d3        0x1 
 .rodata        0x080064d4        0x5 ./Middlewares/Third_Party/FreeRTOS/Source/tasks.o
 *(.rodata*)
 *fill*         0x080064d9        0x3 
 .rodata.AHBPrescTable
                0x080064dc       0x10 ./Core/Src/system_stm32f1xx.o
                0x080064dc                AHBPrescTable
 .rodata.APBPrescTable
                0x080064ec        0x8 ./Core/Src/system_stm32f1xx.o
                0x080064ec                APBPrescTable
 .rodata.aPLLMULFactorTable.1
                0x080064f4       0x10 ./Drivers/STM32F1xx_HAL_Driver/Src/stm32f1xx_hal_rcc.o
 .rodata.aPredivFactorTable.0
                0x08006504        0x2 ./Drivers/STM32F1xx_HAL_Driver/Src/stm32f1xx_hal_rcc.o
 .rodata._svfprintf_r.str1.1
                0x08006506       0x33 C:/ST/STM32CubeIDE_2.1.1/STM32CubeIDE/plugins/com.st.stm32cube.ide.mcu.externaltools.gnu-tools-for-stm32.14.3.rel1.win32_1.0.100.202602081740/tools/bin/../lib/gcc/arm-none-eabi/14.3.1/../../../../arm-none-eabi/lib/thumb/v7-m/nofp\libc_nano.a(libc_a-nano-svfprintf.o)
                                 0x11 (size before relaxing)
 .rodata._printf_i.str1.1
                0x08006539       0x22 C:/ST/STM32CubeIDE_2.1.1/STM32CubeIDE/plugins/com.st.stm32cube.ide.mcu.externaltools.gnu-tools-for-stm32.14.3.rel1.win32_1.0.100.202602081740/tools/bin/../lib/gcc/arm-none-eabi/14.3.1/../../../../arm-none-eabi/lib/thumb/v7-m/nofp\libc_nano.a(libc_a-nano-vfprintf_i.o)
                0x0800655c                        . = ALIGN (0x4)
 *fill*         0x08006539        0x3 

.ARM.extab      0x0800653c        0x0
                0x0800653c                        . = ALIGN (0x4)
 *(.ARM.extab* .gnu.linkonce.armextab.*)
                0x0800653c                        . = ALIGN (0x4)

.ARM            0x0800653c        0x8
                0x0800653c                        . = ALIGN (0x4)
                0x0800653c                        __exidx_start = .
 *(.ARM.exidx*)
 .ARM.exidx     0x0800653c        0x8 C:/ST/STM32CubeIDE_2.1.1/STM32CubeIDE/plugins/com.st.stm32cube.ide.mcu.externaltools.gnu-tools-for-stm32.14.3.rel1.win32_1.0.100.202602081740/tools/bin/../lib/gcc/arm-none-eabi/14.3.1/../../../../arm-none-eabi/lib/thumb/v7-m/nofp\libc_nano.a(libc_a-strcmp.o)
 .ARM.exidx     0x08006544        0x0 C:/ST/STM32CubeIDE_2.1.1/STM32CubeIDE/plugins/com.st.stm32cube.ide.mcu.externaltools.gnu-tools-for-stm32.14.3.rel1.win32_1.0.100.202602081740/tools/bin/../lib/gcc/arm-none-eabi/14.3.1/../../../../arm-none-eabi/lib/thumb/v7-m/nofp\libc_nano.a(libc_a-strlen.o)
                                  0x8 (size before relaxing)
                0x08006544                        __exidx_end = .
                0x08006544                        . = ALIGN (0x4)

.preinit_array  0x08006544        0x0
                0x08006544                        . = ALIGN (0x4)
                0x08006544                        PROVIDE (__preinit_array_start = .)
 *(.preinit_array*)
                0x08006544                        PROVIDE (__preinit_array_end = .)
                0x08006544                        . = ALIGN (0x4)

.init_array     0x08006544        0x4
                0x08006544                        . = ALIGN (0x4)
                0x08006544                        PROVIDE (__init_array_start = .)
 *(SORT_BY_NAME(.init_array.*))
 *(.init_array*)
 .init_array    0x08006544        0x4 C:/ST/STM32CubeIDE_2.1.1/STM32CubeIDE/plugins/com.st.stm32cube.ide.mcu.externaltools.gnu-tools-for-stm32.14.3.rel1.win32_1.0.100.202602081740/tools/bin/../lib/gcc/arm-none-eabi/14.3.1/thumb/v7-m/nofp/crtbegin.o
                0x08006548                        PROVIDE (__init_array_end = .)
                0x08006548                        . = ALIGN (0x4)

.fini_array     0x08006548        0x4
                0x08006548                        . = ALIGN (0x4)
                [!provide]                        PROVIDE (__fini_array_start = .)
 *(SORT_BY_NAME(.fini_array.*))
 *(.fini_array*)
 .fini_array    0x08006548        0x4 C:/ST/STM32CubeIDE_2.1.1/STM32CubeIDE/plugins/com.st.stm32cube.ide.mcu.externaltools.gnu-tools-for-stm32.14.3.rel1.win32_1.0.100.202602081740/tools/bin/../lib/gcc/arm-none-eabi/14.3.1/thumb/v7-m/nofp/crtbegin.o
                [!provide]                        PROVIDE (__fini_array_end = .)
                0x0800654c                        . = ALIGN (0x4)
                0x0800654c                        _sidata = LOADADDR (.data)

.rel.dyn        0x0800654c        0x0
 .rel.iplt      0x0800654c        0x0 C:/ST/STM32CubeIDE_2.1.1/STM32CubeIDE/plugins/com.st.stm32cube.ide.mcu.externaltools.gnu-tools-for-stm32.14.3.rel1.win32_1.0.100.202602081740/tools/bin/../lib/gcc/arm-none-eabi/14.3.1/thumb/v7-m/nofp/crtbegin.o

.data           0x20000000       0x60 load address 0x0800654c
                0x20000000                        . = ALIGN (0x4)
                0x20000000                        _sdata = .
 *(.data)
 *(.data*)
 .data.SystemCoreClock
                0x20000000        0x4 ./Core/Src/system_stm32f1xx.o
                0x20000000                SystemCoreClock
 .data.uwTickPrio
                0x20000004        0x4 ./Drivers/STM32F1xx_HAL_Driver/Src/stm32f1xx_hal.o
                0x20000004                uwTickPrio
 .data.uwTickFreq
                0x20000008        0x1 ./Drivers/STM32F1xx_HAL_Driver/Src/stm32f1xx_hal.o
                0x20000008                uwTickFreq
 *fill*         0x20000009        0x3 
 .data.uxCriticalNesting
                0x2000000c        0x4 ./Middlewares/Third_Party/FreeRTOS/Source/portable/GCC/ARM_CM3/port.o
 .data._impure_ptr
                0x20000010        0x4 C:/ST/STM32CubeIDE_2.1.1/STM32CubeIDE/plugins/com.st.stm32cube.ide.mcu.externaltools.gnu-tools-for-stm32.14.3.rel1.win32_1.0.100.202602081740/tools/bin/../lib/gcc/arm-none-eabi/14.3.1/../../../../arm-none-eabi/lib/thumb/v7-m/nofp\libc_nano.a(libc_a-impure.o)
                0x20000010                _impure_ptr
 .data._impure_data
                0x20000014       0x4c C:/ST/STM32CubeIDE_2.1.1/STM32CubeIDE/plugins/com.st.stm32cube.ide.mcu.externaltools.gnu-tools-for-stm32.14.3.rel1.win32_1.0.100.202602081740/tools/bin/../lib/gcc/arm-none-eabi/14.3.1/../../../../arm-none-eabi/lib/thumb/v7-m/nofp\libc_nano.a(libc_a-impure.o)
                0x20000014                _impure_data
 *(.RamFunc)
 *(.RamFunc*)
                0x20000060                        . = ALIGN (0x4)
                0x20000060                        _edata = .

.igot.plt       0x20000060        0x0 load address 0x080065ac
 .igot.plt      0x20000060        0x0 C:/ST/STM32CubeIDE_2.1.1/STM32CubeIDE/plugins/com.st.stm32cube.ide.mcu.externaltools.gnu-tools-for-stm32.14.3.rel1.win32_1.0.100.202602081740/tools/bin/../lib/gcc/arm-none-eabi/14.3.1/thumb/v7-m/nofp/crtbegin.o
                0x20000060                        . = ALIGN (0x4)

.bss            0x20000060     0x32ec load address 0x080065ac
                0x20000060                        _sbss = .
                0x20000060                        __bss_start__ = _sbss
 *(.bss)
 .bss           0x20000060       0x1c C:/ST/STM32CubeIDE_2.1.1/STM32CubeIDE/plugins/com.st.stm32cube.ide.mcu.externaltools.gnu-tools-for-stm32.14.3.rel1.win32_1.0.100.202602081740/tools/bin/../lib/gcc/arm-none-eabi/14.3.1/thumb/v7-m/nofp/crtbegin.o
 *(.bss*)
 .bss.batt_id   0x2000007c        0x1 ./Core/Src/battery_client.o
 *fill*         0x2000007d        0x3 
 .bss.batt_rx_buf
                0x20000080       0x50 ./Core/Src/battery_client.o
                0x20000080                batt_rx_buf
 .bss.batt_err_code
                0x200000d0        0x1 ./Core/Src/battery_client.o
                0x200000d0                batt_err_code
 *fill*         0x200000d1        0x3 
 .bss.last_activity
                0x200000d4        0x4 ./Core/Src/cli.o
 .bss.cli_active
                0x200000d8        0x1 ./Core/Src/cli.o
 *fill*         0x200000d9        0x3 
 .bss.xIdleTaskTCBBuffer
                0x200000dc       0x54 ./Core/Src/freertos.o
 .bss.xIdleStack
                0x20000130      0x200 ./Core/Src/freertos.o
 .bss.huart1    0x20000330       0x48 ./Core/Src/main.o
                0x20000330                huart1
 .bss.huart2    0x20000378       0x48 ./Core/Src/main.o
                0x20000378                huart2
 .bss.huart3    0x200003c0       0x48 ./Core/Src/main.o
                0x200003c0                huart3
 .bss.hdma_usart1_rx
                0x20000408       0x44 ./Core/Src/main.o
                0x20000408                hdma_usart1_rx
 .bss.hdma_usart1_tx
                0x2000044c       0x44 ./Core/Src/main.o
                0x2000044c                hdma_usart1_tx
 .bss.hdma_usart3_rx
                0x20000490       0x44 ./Core/Src/main.o
                0x20000490                hdma_usart3_rx
 .bss.hdma_usart3_tx
                0x200004d4       0x44 ./Core/Src/main.o
                0x200004d4                hdma_usart3_tx
 .bss.modbusTaskHandle
                0x20000518        0x4 ./Core/Src/main.o
                0x20000518                modbusTaskHandle
 .bss.batteryTaskHandle
                0x2000051c        0x4 ./Core/Src/main.o
                0x2000051c                batteryTaskHandle
 .bss.modbus_regs
                0x20000520      0x200 ./Core/Src/modbus_rtu.o
                0x20000520                modbus_regs
 .bss.slave     0x20000720        0x1 ./Core/Src/modbus_rtu.o
 *fill*         0x20000721        0x3 
 .bss.rx_buffer
                0x20000724      0x100 ./Core/Src/modbus_rtu.o
                0x20000724                rx_buffer
 .bss.rx_len    0x20000824        0x2 ./Core/Src/modbus_rtu.o
                0x20000824                rx_len
 .bss.frame_ready
                0x20000826        0x1 ./Core/Src/modbus_rtu.o
                0x20000826                frame_ready
 *fill*         0x20000827        0x1 
 .bss.htim4     0x20000828       0x48 ./Core/Src/stm32f1xx_hal_timebase_tim.o
                0x20000828                htim4
 .bss.batt      0x20000870       0x38 ./Core/Src/sunspec.o
                0x20000870                batt
 .bss.__sbrk_heap_end
                0x200008a8        0x4 ./Core/Src/sysmem.o
 .bss.uwTick    0x200008ac        0x4 ./Drivers/STM32F1xx_HAL_Driver/Src/stm32f1xx_hal.o
                0x200008ac                uwTick
 .bss.pxCurrentTCB
                0x200008b0        0x4 ./Middlewares/Third_Party/FreeRTOS/Source/tasks.o
                0x200008b0                pxCurrentTCB
 .bss.pxReadyTasksLists
                0x200008b4       0x8c ./Middlewares/Third_Party/FreeRTOS/Source/tasks.o
 .bss.xDelayedTaskList1
                0x20000940       0x14 ./Middlewares/Third_Party/FreeRTOS/Source/tasks.o
 .bss.xDelayedTaskList2
                0x20000954       0x14 ./Middlewares/Third_Party/FreeRTOS/Source/tasks.o
 .bss.pxDelayedTaskList
                0x20000968        0x4 ./Middlewares/Third_Party/FreeRTOS/Source/tasks.o
 .bss.pxOverflowDelayedTaskList
                0x2000096c        0x4 ./Middlewares/Third_Party/FreeRTOS/Source/tasks.o
 .bss.xPendingReadyList
                0x20000970       0x14 ./Middlewares/Third_Party/FreeRTOS/Source/tasks.o
 .bss.xTasksWaitingTermination
                0x20000984       0x14 ./Middlewares/Third_Party/FreeRTOS/Source/tasks.o
 .bss.uxDeletedTasksWaitingCleanUp
                0x20000998        0x4 ./Middlewares/Third_Party/FreeRTOS/Source/tasks.o
 .bss.xSuspendedTaskList
                0x2000099c       0x14 ./Middlewares/Third_Party/FreeRTOS/Source/tasks.o
 .bss.uxCurrentNumberOfTasks
                0x200009b0        0x4 ./Middlewares/Third_Party/FreeRTOS/Source/tasks.o
 .bss.xTickCount
                0x200009b4        0x4 ./Middlewares/Third_Party/FreeRTOS/Source/tasks.o
 .bss.uxTopReadyPriority
                0x200009b8        0x4 ./Middlewares/Third_Party/FreeRTOS/Source/tasks.o
 .bss.xSchedulerRunning
                0x200009bc        0x4 ./Middlewares/Third_Party/FreeRTOS/Source/tasks.o
 .bss.xPendedTicks
                0x200009c0        0x4 ./Middlewares/Third_Party/FreeRTOS/Source/tasks.o
 .bss.xYieldPending
                0x200009c4        0x4 ./Middlewares/Third_Party/FreeRTOS/Source/tasks.o
 .bss.xNumOfOverflows
                0x200009c8        0x4 ./Middlewares/Third_Party/FreeRTOS/Source/tasks.o
 .bss.uxTaskNumber
                0x200009cc        0x4 ./Middlewares/Third_Party/FreeRTOS/Source/tasks.o
 .bss.xNextTaskUnblockTime
                0x200009d0        0x4 ./Middlewares/Third_Party/FreeRTOS/Source/tasks.o
 .bss.xIdleTaskHandle
                0x200009d4        0x4 ./Middlewares/Third_Party/FreeRTOS/Source/tasks.o
 .bss.uxSchedulerSuspended
                0x200009d8        0x4 ./Middlewares/Third_Party/FreeRTOS/Source/tasks.o
 .bss.ucMaxSysCallPriority
                0x200009dc        0x1 ./Middlewares/Third_Party/FreeRTOS/Source/portable/GCC/ARM_CM3/port.o
 *fill*         0x200009dd        0x3 
 .bss.ulMaxPRIGROUPValue
                0x200009e0        0x4 ./Middlewares/Third_Party/FreeRTOS/Source/portable/GCC/ARM_CM3/port.o
 .bss.ucHeap    0x200009e4     0x2800 ./Middlewares/Third_Party/FreeRTOS/Source/portable/MemMang/heap_4.o
 .bss.xStart    0x200031e4        0x8 ./Middlewares/Third_Party/FreeRTOS/Source/portable/MemMang/heap_4.o
 .bss.pxEnd     0x200031ec        0x4 ./Middlewares/Third_Party/FreeRTOS/Source/portable/MemMang/heap_4.o
 .bss.xFreeBytesRemaining
                0x200031f0        0x4 ./Middlewares/Third_Party/FreeRTOS/Source/portable/MemMang/heap_4.o
 .bss.xMinimumEverFreeBytesRemaining
                0x200031f4        0x4 ./Middlewares/Third_Party/FreeRTOS/Source/portable/MemMang/heap_4.o
 .bss.xNumberOfSuccessfulAllocations
                0x200031f8        0x4 ./Middlewares/Third_Party/FreeRTOS/Source/portable/MemMang/heap_4.o
 .bss.xNumberOfSuccessfulFrees
                0x200031fc        0x4 ./Middlewares/Third_Party/FreeRTOS/Source/portable/MemMang/heap_4.o
 .bss.xBlockAllocatedBit
                0x20003200        0x4 ./Middlewares/Third_Party/FreeRTOS/Source/portable/MemMang/heap_4.o
 .bss.__sf      0x20003204      0x138 C:/ST/STM32CubeIDE_2.1.1/STM32CubeIDE/plugins/com.st.stm32cube.ide.mcu.externaltools.gnu-tools-for-stm32.14.3.rel1.win32_1.0.100.202602081740/tools/bin/../lib/gcc/arm-none-eabi/14.3.1/../../../../arm-none-eabi/lib/thumb/v7-m/nofp\libc_nano.a(libc_a-findfp.o)
                0x20003204                __sf
 .bss.errno     0x2000333c        0x4 C:/ST/STM32CubeIDE_2.1.1/STM32CubeIDE/plugins/com.st.stm32cube.ide.mcu.externaltools.gnu-tools-for-stm32.14.3.rel1.win32_1.0.100.202602081740/tools/bin/../lib/gcc/arm-none-eabi/14.3.1/../../../../arm-none-eabi/lib/thumb/v7-m/nofp\libc_nano.a(libc_a-reent.o)
                0x2000333c                errno
 .bss.__lock___malloc_recursive_mutex
                0x20003340        0x1 C:/ST/STM32CubeIDE_2.1.1/STM32CubeIDE/plugins/com.st.stm32cube.ide.mcu.externaltools.gnu-tools-for-stm32.14.3.rel1.win32_1.0.100.202602081740/tools/bin/../lib/gcc/arm-none-eabi/14.3.1/../../../../arm-none-eabi/lib/thumb/v7-m/nofp\libc_nano.a(libc_a-lock.o)
                0x20003340                __lock___malloc_recursive_mutex
 *fill*         0x20003341        0x3 
 .bss.__malloc_sbrk_start
                0x20003344        0x4 C:/ST/STM32CubeIDE_2.1.1/STM32CubeIDE/plugins/com.st.stm32cube.ide.mcu.externaltools.gnu-tools-for-stm32.14.3.rel1.win32_1.0.100.202602081740/tools/bin/../lib/gcc/arm-none-eabi/14.3.1/../../../../arm-none-eabi/lib/thumb/v7-m/nofp\libc_nano.a(libc_a-mallocr.o)
                0x20003344                __malloc_sbrk_start
 .bss.__malloc_free_list
                0x20003348        0x4 C:/ST/STM32CubeIDE_2.1.1/STM32CubeIDE/plugins/com.st.stm32cube.ide.mcu.externaltools.gnu-tools-for-stm32.14.3.rel1.win32_1.0.100.202602081740/tools/bin/../lib/gcc/arm-none-eabi/14.3.1/../../../../arm-none-eabi/lib/thumb/v7-m/nofp\libc_nano.a(libc_a-mallocr.o)
                0x20003348                __malloc_free_list
 *(COMMON)
                0x2000334c                        . = ALIGN (0x4)
                0x2000334c                        _ebss = .
                0x2000334c                        __bss_end__ = _ebss

._user_heap_stack
                0x2000334c      0x804 load address 0x080065ac
                0x20003350                        . = ALIGN (0x8)
 *fill*         0x2000334c        0x4 
                [!provide]                        PROVIDE (end = .)
                0x20003350                        PROVIDE (_end = .)
                0x20003750                        . = (. + _Min_Heap_Size)
 *fill*         0x20003350      0x400 
                0x20003b50                        . = (. + _Min_Stack_Size)
 *fill*         0x20003750      0x400 
                0x20003b50                        . = ALIGN (0x8)

/DISCARD/
 libc.a(*)
 libm.a(*)
 libgcc.a(*)

.ARM.attributes
                0x00000000       0x29
 *(.ARM.attributes)
 .ARM.attributes
                0x00000000       0x1d C:/ST/STM32CubeIDE_2.1.1/STM32CubeIDE/plugins/com.st.stm32cube.ide.mcu.externaltools.gnu-tools-for-stm32.14.3.rel1.win32_1.0.100.202602081740/tools/bin/../lib/gcc/arm-none-eabi/14.3.1/thumb/v7-m/nofp/crti.o
 .ARM.attributes
                0x0000001d       0x2d C:/ST/STM32CubeIDE_2.1.1/STM32CubeIDE/plugins/com.st.stm32cube.ide.mcu.externaltools.gnu-tools-for-stm32.14.3.rel1.win32_1.0.100.202602081740/tools/bin/../lib/gcc/arm-none-eabi/14.3.1/thumb/v7-m/nofp/crtbegin.o
 .ARM.attributes
                0x0000004a       0x2d ./Core/Src/battery_client.o
 .ARM.attributes
                0x00000077       0x2d ./Core/Src/cli.o
 .ARM.attributes
                0x000000a4       0x2d ./Core/Src/freertos.o
 .ARM.attributes
                0x000000d1       0x2d ./Core/Src/main.o
 .ARM.attributes
                0x000000fe       0x2d ./Core/Src/modbus_rtu.o
 .ARM.attributes
                0x0000012b       0x2d ./Core/Src/rs485.o
 .ARM.attributes
                0x00000158       0x2d ./Core/Src/stm32f1xx_hal_msp.o
 .ARM.attributes
                0x00000185       0x2d ./Core/Src/stm32f1xx_hal_timebase_tim.o
 .ARM.attributes
                0x000001b2       0x2d ./Core/Src/stm32f1xx_it.o
 .ARM.attributes
                0x000001df       0x2d ./Core/Src/sunspec.o
 .ARM.attributes
                0x0000020c       0x2d ./Core/Src/sysmem.o
 .ARM.attributes
                0x00000239       0x2d ./Core/Src/system_stm32f1xx.o
 .ARM.attributes
                0x00000266       0x21 ./Core/Startup/startup_stm32f103c8tx.o
 .ARM.attributes
                0x00000287       0x2d ./Drivers/STM32F1xx_HAL_Driver/Src/stm32f1xx_hal.o
 .ARM.attributes
                0x000002b4       0x2d ./Drivers/STM32F1xx_HAL_Driver/Src/stm32f1xx_hal_cortex.o
 .ARM.attributes
                0x000002e1       0x2d ./Drivers/STM32F1xx_HAL_Driver/Src/stm32f1xx_hal_dma.o
 .ARM.attributes
                0x0000030e       0x2d ./Drivers/STM32F1xx_HAL_Driver/Src/stm32f1xx_hal_gpio.o
 .ARM.attributes
                0x0000033b       0x2d ./Drivers/STM32F1xx_HAL_Driver/Src/stm32f1xx_hal_rcc.o
 .ARM.attributes
                0x00000368       0x2d ./Drivers/STM32F1xx_HAL_Driver/Src/stm32f1xx_hal_tim.o
 .ARM.attributes
                0x00000395       0x2d ./Drivers/STM32F1xx_HAL_Driver/Src/stm32f1xx_hal_tim_ex.o
 .ARM.attributes
                0x000003c2       0x2d ./Drivers/STM32F1xx_HAL_Driver/Src/stm32f1xx_hal_uart.o
 .ARM.attributes
                0x000003ef       0x2d ./Middlewares/Third_Party/FreeRTOS/Source/CMSIS_RTOS/cmsis_os.o
 .ARM.attributes
                0x0000041c       0x2d ./Middlewares/Third_Party/FreeRTOS/Source/list.o
 .ARM.attributes
                0x00000449       0x2d ./Middlewares/Third_Party/FreeRTOS/Source/tasks.o
 .ARM.attributes
                0x00000476       0x2d ./Middlewares/Third_Party/FreeRTOS/Source/portable/GCC/ARM_CM3/port.o
 .ARM.attributes
                0x000004a3       0x2d ./Middlewares/Third_Party/FreeRTOS/Source/portable/MemMang/heap_4.o
 .ARM.attributes
                0x000004d0       0x2d C:/ST/STM32CubeIDE_2.1.1/STM32CubeIDE/plugins/com.st.stm32cube.ide.mcu.externaltools.gnu-tools-for-stm32.14.3.rel1.win32_1.0.100.202602081740/tools/bin/../lib/gcc/arm-none-eabi/14.3.1/../../../../arm-none-eabi/lib/thumb/v7-m/nofp\libc_nano.a(libc_a-findfp.o)
 .ARM.attributes
                0x000004fd       0x2d C:/ST/STM32CubeIDE_2.1.1/STM32CubeIDE/plugins/com.st.stm32cube.ide.mcu.externaltools.gnu-tools-for-stm32.14.3.rel1.win32_1.0.100.202602081740/tools/bin/../lib/gcc/arm-none-eabi/14.3.1/../../../../arm-none-eabi/lib/thumb/v7-m/nofp\libc_nano.a(libc_a-vsnprintf.o)
 .ARM.attributes
                0x0000052a       0x2d C:/ST/STM32CubeIDE_2.1.1/STM32CubeIDE/plugins/com.st.stm32cube.ide.mcu.externaltools.gnu-tools-for-stm32.14.3.rel1.win32_1.0.100.202602081740/tools/bin/../lib/gcc/arm-none-eabi/14.3.1/../../../../arm-none-eabi/lib/thumb/v7-m/nofp\libc_nano.a(libc_a-memset.o)
 .ARM.attributes
                0x00000557       0x2d C:/ST/STM32CubeIDE_2.1.1/STM32CubeIDE/plugins/com.st.stm32cube.ide.mcu.externaltools.gnu-tools-for-stm32.14.3.rel1.win32_1.0.100.202602081740/tools/bin/../lib/gcc/arm-none-eabi/14.3.1/../../../../arm-none-eabi/lib/thumb/v7-m/nofp\libc_nano.a(libc_a-reent.o)
 .ARM.attributes
                0x00000584       0x2d C:/ST/STM32CubeIDE_2.1.1/STM32CubeIDE/plugins/com.st.stm32cube.ide.mcu.externaltools.gnu-tools-for-stm32.14.3.rel1.win32_1.0.100.202602081740/tools/bin/../lib/gcc/arm-none-eabi/14.3.1/../../../../arm-none-eabi/lib/thumb/v7-m/nofp\libc_nano.a(libc_a-impure.o)
 .ARM.attributes
                0x000005b1       0x2d C:/ST/STM32CubeIDE_2.1.1/STM32CubeIDE/plugins/com.st.stm32cube.ide.mcu.externaltools.gnu-tools-for-stm32.14.3.rel1.win32_1.0.100.202602081740/tools/bin/../lib/gcc/arm-none-eabi/14.3.1/../../../../arm-none-eabi/lib/thumb/v7-m/nofp\libc_nano.a(libc_a-errno.o)
 .ARM.attributes
                0x000005de       0x2d C:/ST/STM32CubeIDE_2.1.1/STM32CubeIDE/plugins/com.st.stm32cube.ide.mcu.externaltools.gnu-tools-for-stm32.14.3.rel1.win32_1.0.100.202602081740/tools/bin/../lib/gcc/arm-none-eabi/14.3.1/../../../../arm-none-eabi/lib/thumb/v7-m/nofp\libc_nano.a(libc_a-init.o)
 .ARM.attributes
                0x0000060b       0x2d C:/ST/STM32CubeIDE_2.1.1/STM32CubeIDE/plugins/com.st.stm32cube.ide.mcu.externaltools.gnu-tools-for-stm32.14.3.rel1.win32_1.0.100.202602081740/tools/bin/../lib/gcc/arm-none-eabi/14.3.1/../../../../arm-none-eabi/lib/thumb/v7-m/nofp\libc_nano.a(libc_a-lock.o)
 .ARM.attributes
                0x00000638       0x1b C:/ST/STM32CubeIDE_2.1.1/STM32CubeIDE/plugins/com.st.stm32cube.ide.mcu.externaltools.gnu-tools-for-stm32.14.3.rel1.win32_1.0.100.202602081740/tools/bin/../lib/gcc/arm-none-eabi/14.3.1/../../../../arm-none-eabi/lib/thumb/v7-m/nofp\libc_nano.a(libc_a-strcmp.o)
 .ARM.attributes
                0x00000653       0x2d C:/ST/STM32CubeIDE_2.1.1/STM32CubeIDE/plugins/com.st.stm32cube.ide.mcu.externaltools.gnu-tools-for-stm32.14.3.rel1.win32_1.0.100.202602081740/tools/bin/../lib/gcc/arm-none-eabi/14.3.1/../../../../arm-none-eabi/lib/thumb/v7-m/nofp\libc_nano.a(libc_a-memcpy-stub.o)
 .ARM.attributes
                0x00000680       0x17 C:/ST/STM32CubeIDE_2.1.1/STM32CubeIDE/plugins/com.st.stm32cube.ide.mcu.externaltools.gnu-tools-for-stm32.14.3.rel1.win32_1.0.100.202602081740/tools/bin/../lib/gcc/arm-none-eabi/14.3.1/../../../../arm-none-eabi/lib/thumb/v7-m/nofp\libc_nano.a(libc_a-strlen.o)
 .ARM.attributes
                0x00000697       0x2d C:/ST/STM32CubeIDE_2.1.1/STM32CubeIDE/plugins/com.st.stm32cube.ide.mcu.externaltools.gnu-tools-for-stm32.14.3.rel1.win32_1.0.100.202602081740/tools/bin/../lib/gcc/arm-none-eabi/14.3.1/../../../../arm-none-eabi/lib/thumb/v7-m/nofp\libc_nano.a(libc_a-freer.o)
 .ARM.attributes
                0x000006c4       0x2d C:/ST/STM32CubeIDE_2.1.1/STM32CubeIDE/plugins/com.st.stm32cube.ide.mcu.externaltools.gnu-tools-for-stm32.14.3.rel1.win32_1.0.100.202602081740/tools/bin/../lib/gcc/arm-none-eabi/14.3.1/../../../../arm-none-eabi/lib/thumb/v7-m/nofp\libc_nano.a(libc_a-mallocr.o)
 .ARM.attributes
                0x000006f1       0x2d C:/ST/STM32CubeIDE_2.1.1/STM32CubeIDE/plugins/com.st.stm32cube.ide.mcu.externaltools.gnu-tools-for-stm32.14.3.rel1.win32_1.0.100.202602081740/tools/bin/../lib/gcc/arm-none-eabi/14.3.1/../../../../arm-none-eabi/lib/thumb/v7-m/nofp\libc_nano.a(libc_a-mlock.o)
 .ARM.attributes
                0x0000071e       0x2d C:/ST/STM32CubeIDE_2.1.1/STM32CubeIDE/plugins/com.st.stm32cube.ide.mcu.externaltools.gnu-tools-for-stm32.14.3.rel1.win32_1.0.100.202602081740/tools/bin/../lib/gcc/arm-none-eabi/14.3.1/../../../../arm-none-eabi/lib/thumb/v7-m/nofp\libc_nano.a(libc_a-nano-svfprintf.o)
 .ARM.attributes
                0x0000074b       0x2d C:/ST/STM32CubeIDE_2.1.1/STM32CubeIDE/plugins/com.st.stm32cube.ide.mcu.externaltools.gnu-tools-for-stm32.14.3.rel1.win32_1.0.100.202602081740/tools/bin/../lib/gcc/arm-none-eabi/14.3.1/../../../../arm-none-eabi/lib/thumb/v7-m/nofp\libc_nano.a(libc_a-nano-vfprintf_i.o)
 .ARM.attributes
                0x00000778       0x2d C:/ST/STM32CubeIDE_2.1.1/STM32CubeIDE/plugins/com.st.stm32cube.ide.mcu.externaltools.gnu-tools-for-stm32.14.3.rel1.win32_1.0.100.202602081740/tools/bin/../lib/gcc/arm-none-eabi/14.3.1/../../../../arm-none-eabi/lib/thumb/v7-m/nofp\libc_nano.a(libc_a-memmove.o)
 .ARM.attributes
                0x000007a5       0x2d C:/ST/STM32CubeIDE_2.1.1/STM32CubeIDE/plugins/com.st.stm32cube.ide.mcu.externaltools.gnu-tools-for-stm32.14.3.rel1.win32_1.0.100.202602081740/tools/bin/../lib/gcc/arm-none-eabi/14.3.1/../../../../arm-none-eabi/lib/thumb/v7-m/nofp\libc_nano.a(libc_a-sbrkr.o)
 .ARM.attributes
                0x000007d2       0x2d C:/ST/STM32CubeIDE_2.1.1/STM32CubeIDE/plugins/com.st.stm32cube.ide.mcu.externaltools.gnu-tools-for-stm32.14.3.rel1.win32_1.0.100.202602081740/tools/bin/../lib/gcc/arm-none-eabi/14.3.1/../../../../arm-none-eabi/lib/thumb/v7-m/nofp\libc_nano.a(libc_a-memchr-stub.o)
 .ARM.attributes
                0x000007ff       0x2d C:/ST/STM32CubeIDE_2.1.1/STM32CubeIDE/plugins/com.st.stm32cube.ide.mcu.externaltools.gnu-tools-for-stm32.14.3.rel1.win32_1.0.100.202602081740/tools/bin/../lib/gcc/arm-none-eabi/14.3.1/../../../../arm-none-eabi/lib/thumb/v7-m/nofp\libc_nano.a(libc_a-reallocr.o)
 .ARM.attributes
                0x0000082c       0x2d C:/ST/STM32CubeIDE_2.1.1/STM32CubeIDE/plugins/com.st.stm32cube.ide.mcu.externaltools.gnu-tools-for-stm32.14.3.rel1.win32_1.0.100.202602081740/tools/bin/../lib/gcc/arm-none-eabi/14.3.1/../../../../arm-none-eabi/lib/thumb/v7-m/nofp\libc_nano.a(libc_a-msizer.o)
 .ARM.attributes
                0x00000859       0x1d C:/ST/STM32CubeIDE_2.1.1/STM32CubeIDE/plugins/com.st.stm32cube.ide.mcu.externaltools.gnu-tools-for-stm32.14.3.rel1.win32_1.0.100.202602081740/tools/bin/../lib/gcc/arm-none-eabi/14.3.1/thumb/v7-m/nofp/crtn.o
OUTPUT(IC_modbus.elf elf32-littlearm)
LOAD linker stubs
LOAD C:/ST/STM32CubeIDE_2.1.1/STM32CubeIDE/plugins/com.st.stm32cube.ide.mcu.externaltools.gnu-tools-for-stm32.14.3.rel1.win32_1.0.100.202602081740/tools/bin/../lib/gcc/arm-none-eabi/14.3.1/../../../../arm-none-eabi/lib/thumb/v7-m/nofp\libc.a
LOAD C:/ST/STM32CubeIDE_2.1.1/STM32CubeIDE/plugins/com.st.stm32cube.ide.mcu.externaltools.gnu-tools-for-stm32.14.3.rel1.win32_1.0.100.202602081740/tools/bin/../lib/gcc/arm-none-eabi/14.3.1/../../../../arm-none-eabi/lib/thumb/v7-m/nofp\libm.a
LOAD C:/ST/STM32CubeIDE_2.1.1/STM32CubeIDE/plugins/com.st.stm32cube.ide.mcu.externaltools.gnu-tools-for-stm32.14.3.rel1.win32_1.0.100.202602081740/tools/bin/../lib/gcc/arm-none-eabi/14.3.1/thumb/v7-m/nofp\libgcc.a

.debug_info     0x00000000    0x12f69
 .debug_info    0x00000000      0x9b1 ./Core/Src/battery_client.o
 .debug_info    0x000009b1      0x951 ./Core/Src/cli.o
 .debug_info    0x00001302      0x279 ./Core/Src/freertos.o
 .debug_info    0x0000157b     0x13fb ./Core/Src/main.o
 .debug_info    0x00002976      0x86a ./Core/Src/modbus_rtu.o
 .debug_info    0x000031e0      0x1c0 ./Core/Src/rs485.o
 .debug_info    0x000033a0      0xa8c ./Core/Src/stm32f1xx_hal_msp.o
 .debug_info    0x00003e2c      0x9a8 ./Core/Src/stm32f1xx_hal_timebase_tim.o
 .debug_info    0x000047d4      0x9c9 ./Core/Src/stm32f1xx_it.o
 .debug_info    0x0000519d      0x335 ./Core/Src/sunspec.o
 .debug_info    0x000054d2      0x168 ./Core/Src/sysmem.o
 .debug_info    0x0000563a      0x222 ./Core/Src/system_stm32f1xx.o
 .debug_info    0x0000585c       0x30 ./Core/Startup/startup_stm32f103c8tx.o
 .debug_info    0x0000588c      0x704 ./Drivers/STM32F1xx_HAL_Driver/Src/stm32f1xx_hal.o
 .debug_info    0x00005f90      0xa87 ./Drivers/STM32F1xx_HAL_Driver/Src/stm32f1xx_hal_cortex.o
 .debug_info    0x00006a17      0x6d2 ./Drivers/STM32F1xx_HAL_Driver/Src/stm32f1xx_hal_dma.o
 .debug_info    0x000070e9      0x5ab ./Drivers/STM32F1xx_HAL_Driver/Src/stm32f1xx_hal_gpio.o
 .debug_info    0x00007694      0x7d5 ./Drivers/STM32F1xx_HAL_Driver/Src/stm32f1xx_hal_rcc.o
 .debug_info    0x00007e69     0x2959 ./Drivers/STM32F1xx_HAL_Driver/Src/stm32f1xx_hal_tim.o
 .debug_info    0x0000a7c2     0x149b ./Drivers/STM32F1xx_HAL_Driver/Src/stm32f1xx_hal_tim_ex.o
 .debug_info    0x0000bc5d     0x2eed ./Drivers/STM32F1xx_HAL_Driver/Src/stm32f1xx_hal_uart.o
 .debug_info    0x0000eb4a     0x1b60 ./Middlewares/Third_Party/FreeRTOS/Source/CMSIS_RTOS/cmsis_os.o
 .debug_info    0x000106aa      0x2af ./Middlewares/Third_Party/FreeRTOS/Source/list.o
 .debug_info    0x00010959     0x1ca7 ./Middlewares/Third_Party/FreeRTOS/Source/tasks.o
 .debug_info    0x00012600      0x494 ./Middlewares/Third_Party/FreeRTOS/Source/portable/GCC/ARM_CM3/port.o
 .debug_info    0x00012a94      0x4d5 ./Middlewares/Third_Party/FreeRTOS/Source/portable/MemMang/heap_4.o

.debug_abbrev   0x00000000     0x354a
 .debug_abbrev  0x00000000      0x262 ./Core/Src/battery_client.o
 .debug_abbrev  0x00000262      0x242 ./Core/Src/cli.o
 .debug_abbrev  0x000004a4       0xd2 ./Core/Src/freertos.o
 .debug_abbrev  0x00000576      0x323 ./Core/Src/main.o
 .debug_abbrev  0x00000899      0x247 ./Core/Src/modbus_rtu.o
 .debug_abbrev  0x00000ae0      0x121 ./Core/Src/rs485.o
 .debug_abbrev  0x00000c01      0x234 ./Core/Src/stm32f1xx_hal_msp.o
 .debug_abbrev  0x00000e35      0x1f3 ./Core/Src/stm32f1xx_hal_timebase_tim.o
 .debug_abbrev  0x00001028      0x1a3 ./Core/Src/stm32f1xx_it.o
 .debug_abbrev  0x000011cb      0x184 ./Core/Src/sunspec.o
 .debug_abbrev  0x0000134f       0xbc ./Core/Src/sysmem.o
 .debug_abbrev  0x0000140b      0x13f ./Core/Src/system_stm32f1xx.o
 .debug_abbrev  0x0000154a       0x24 ./Core/Startup/startup_stm32f103c8tx.o
 .debug_abbrev  0x0000156e      0x201 ./Drivers/STM32F1xx_HAL_Driver/Src/stm32f1xx_hal.o
 .debug_abbrev  0x0000176f      0x2f8 ./Drivers/STM32F1xx_HAL_Driver/Src/stm32f1xx_hal_cortex.o
 .debug_abbrev  0x00001a67      0x20b ./Drivers/STM32F1xx_HAL_Driver/Src/stm32f1xx_hal_dma.o
 .debug_abbrev  0x00001c72      0x1ca ./Drivers/STM32F1xx_HAL_Driver/Src/stm32f1xx_hal_gpio.o
 .debug_abbrev  0x00001e3c      0x2b3 ./Drivers/STM32F1xx_HAL_Driver/Src/stm32f1xx_hal_rcc.o
 .debug_abbrev  0x000020ef      0x277 ./Drivers/STM32F1xx_HAL_Driver/Src/stm32f1xx_hal_tim.o
 .debug_abbrev  0x00002366      0x282 ./Drivers/STM32F1xx_HAL_Driver/Src/stm32f1xx_hal_tim_ex.o
 .debug_abbrev  0x000025e8      0x2f8 ./Drivers/STM32F1xx_HAL_Driver/Src/stm32f1xx_hal_uart.o
 .debug_abbrev  0x000028e0      0x3a7 ./Middlewares/Third_Party/FreeRTOS/Source/CMSIS_RTOS/cmsis_os.o
 .debug_abbrev  0x00002c87       0xf5 ./Middlewares/Third_Party/FreeRTOS/Source/list.o
 .debug_abbrev  0x00002d7c      0x359 ./Middlewares/Third_Party/FreeRTOS/Source/tasks.o
 .debug_abbrev  0x000030d5      0x258 ./Middlewares/Third_Party/FreeRTOS/Source/portable/GCC/ARM_CM3/port.o
 .debug_abbrev  0x0000332d      0x21d ./Middlewares/Third_Party/FreeRTOS/Source/portable/MemMang/heap_4.o

.debug_aranges  0x00000000     0x1220
 .debug_aranges
                0x00000000       0x30 ./Core/Src/battery_client.o
 .debug_aranges
                0x00000030       0x30 ./Core/Src/cli.o
 .debug_aranges
                0x00000060       0x20 ./Core/Src/freertos.o
 .debug_aranges
                0x00000080       0x80 ./Core/Src/main.o
 .debug_aranges
                0x00000100       0x40 ./Core/Src/modbus_rtu.o
 .debug_aranges
                0x00000140       0x28 ./Core/Src/rs485.o
 .debug_aranges
                0x00000168       0x30 ./Core/Src/stm32f1xx_hal_msp.o
 .debug_aranges
                0x00000198       0x30 ./Core/Src/stm32f1xx_hal_timebase_tim.o
 .debug_aranges
                0x000001c8       0x88 ./Core/Src/stm32f1xx_it.o
 .debug_aranges
                0x00000250       0x38 ./Core/Src/sunspec.o
 .debug_aranges
                0x00000288       0x20 ./Core/Src/sysmem.o
 .debug_aranges
                0x000002a8       0x28 ./Core/Src/system_stm32f1xx.o
 .debug_aranges
                0x000002d0       0x28 ./Core/Startup/startup_stm32f103c8tx.o
 .debug_aranges
                0x000002f8       0xe0 ./Drivers/STM32F1xx_HAL_Driver/Src/stm32f1xx_hal.o
 .debug_aranges
                0x000003d8      0x100 ./Drivers/STM32F1xx_HAL_Driver/Src/stm32f1xx_hal_cortex.o
 .debug_aranges
                0x000004d8       0x80 ./Drivers/STM32F1xx_HAL_Driver/Src/stm32f1xx_hal_dma.o
 .debug_aranges
                0x00000558       0x58 ./Drivers/STM32F1xx_HAL_Driver/Src/stm32f1xx_hal_gpio.o
 .debug_aranges
                0x000005b0       0x90 ./Drivers/STM32F1xx_HAL_Driver/Src/stm32f1xx_hal_rcc.o
 .debug_aranges
                0x00000640      0x3d0 ./Drivers/STM32F1xx_HAL_Driver/Src/stm32f1xx_hal_tim.o
 .debug_aranges
                0x00000a10      0x168 ./Drivers/STM32F1xx_HAL_Driver/Src/stm32f1xx_hal_tim_ex.o
 .debug_aranges
                0x00000b78      0x208 ./Drivers/STM32F1xx_HAL_Driver/Src/stm32f1xx_hal_uart.o
 .debug_aranges
                0x00000d80      0x1d8 ./Middlewares/Third_Party/FreeRTOS/Source/CMSIS_RTOS/cmsis_os.o
 .debug_aranges
                0x00000f58       0x40 ./Middlewares/Third_Party/FreeRTOS/Source/list.o
 .debug_aranges
                0x00000f98      0x1b8 ./Middlewares/Third_Party/FreeRTOS/Source/tasks.o
 .debug_aranges
                0x00001150       0x78 ./Middlewares/Third_Party/FreeRTOS/Source/portable/GCC/ARM_CM3/port.o
 .debug_aranges
                0x000011c8       0x58 ./Middlewares/Third_Party/FreeRTOS/Source/portable/MemMang/heap_4.o

.debug_rnglists
                0x00000000      0xdfc
 .debug_rnglists
                0x00000000       0x20 ./Core/Src/battery_client.o
 .debug_rnglists
                0x00000020       0x21 ./Core/Src/cli.o
 .debug_rnglists
                0x00000041       0x13 ./Core/Src/freertos.o
 .debug_rnglists
                0x00000054       0x5e ./Core/Src/main.o
 .debug_rnglists
                0x000000b2       0x2c ./Core/Src/modbus_rtu.o
 .debug_rnglists
                0x000000de       0x19 ./Core/Src/rs485.o
 .debug_rnglists
                0x000000f7       0x21 ./Core/Src/stm32f1xx_hal_msp.o
 .debug_rnglists
                0x00000118       0x20 ./Core/Src/stm32f1xx_hal_timebase_tim.o
 .debug_rnglists
                0x00000138       0x61 ./Core/Src/stm32f1xx_it.o
 .debug_rnglists
                0x00000199       0x28 ./Core/Src/sunspec.o
 .debug_rnglists
                0x000001c1       0x13 ./Core/Src/sysmem.o
 .debug_rnglists
                0x000001d4       0x1a ./Core/Src/system_stm32f1xx.o
 .debug_rnglists
                0x000001ee       0x19 ./Core/Startup/startup_stm32f103c8tx.o
 .debug_rnglists
                0x00000207       0xa3 ./Drivers/STM32F1xx_HAL_Driver/Src/stm32f1xx_hal.o
 .debug_rnglists
                0x000002aa       0xbb ./Drivers/STM32F1xx_HAL_Driver/Src/stm32f1xx_hal_cortex.o
 .debug_rnglists
                0x00000365       0x64 ./Drivers/STM32F1xx_HAL_Driver/Src/stm32f1xx_hal_dma.o
 .debug_rnglists
                0x000003c9       0x3f ./Drivers/STM32F1xx_HAL_Driver/Src/stm32f1xx_hal_gpio.o
 .debug_rnglists
                0x00000408       0x6c ./Drivers/STM32F1xx_HAL_Driver/Src/stm32f1xx_hal_rcc.o
 .debug_rnglists
                0x00000474      0x31a ./Drivers/STM32F1xx_HAL_Driver/Src/stm32f1xx_hal_tim.o
 .debug_rnglists
                0x0000078e      0x125 ./Drivers/STM32F1xx_HAL_Driver/Src/stm32f1xx_hal_tim_ex.o
 .debug_rnglists
                0x000008b3      0x1bc ./Drivers/STM32F1xx_HAL_Driver/Src/stm32f1xx_hal_uart.o
 .debug_rnglists
                0x00000a6f      0x16a ./Middlewares/Third_Party/FreeRTOS/Source/CMSIS_RTOS/cmsis_os.o
 .debug_rnglists
                0x00000bd9       0x2b ./Middlewares/Third_Party/FreeRTOS/Source/list.o
 .debug_rnglists
                0x00000c04      0x15f ./Middlewares/Third_Party/FreeRTOS/Source/tasks.o
 .debug_rnglists
                0x00000d63       0x57 ./Middlewares/Third_Party/FreeRTOS/Source/portable/GCC/ARM_CM3/port.o
 .debug_rnglists
                0x00000dba       0x42 ./Middlewares/Third_Party/FreeRTOS/Source/portable/MemMang/heap_4.o

.debug_macro    0x00000000    0x1a056
 .debug_macro   0x00000000      0x222 ./Core/Src/battery_client.o
 .debug_macro   0x00000222      0xacc ./Core/Src/battery_client.o
 .debug_macro   0x00000cee       0x22 ./Core/Src/battery_client.o
 .debug_macro   0x00000d10       0x8e ./Core/Src/battery_client.o
 .debug_macro   0x00000d9e       0x51 ./Core/Src/battery_client.o
 .debug_macro   0x00000def      0x103 ./Core/Src/battery_client.o
 .debug_macro   0x00000ef2       0x6a ./Core/Src/battery_client.o
 .debug_macro   0x00000f5c      0x1df ./Core/Src/battery_client.o
 .debug_macro   0x0000113b      0x221 ./Core/Src/battery_client.o
 .debug_macro   0x0000135c       0x2e ./Core/Src/battery_client.o
 .debug_macro   0x0000138a       0x22 ./Core/Src/battery_client.o
 .debug_macro   0x000013ac       0x1c ./Core/Src/battery_client.o
 .debug_macro   0x000013c8       0x22 ./Core/Src/battery_client.o
 .debug_macro   0x000013ea       0xbd ./Core/Src/battery_client.o
 .debug_macro   0x000014a7      0xd23 ./Core/Src/battery_client.o
 .debug_macro   0x000021ca     0xe09e ./Core/Src/battery_client.o
 .debug_macro   0x00010268       0x6d ./Core/Src/battery_client.o
 .debug_macro   0x000102d5     0x34a2 ./Core/Src/battery_client.o
 .debug_macro   0x00013777      0x190 ./Core/Src/battery_client.o
 .debug_macro   0x00013907       0x5c ./Core/Src/battery_client.o
 .debug_macro   0x00013963      0x5bc ./Core/Src/battery_client.o
 .debug_macro   0x00013f1f      0x289 ./Core/Src/battery_client.o
 .debug_macro   0x000141a8      0x1cb ./Core/Src/battery_client.o
 .debug_macro   0x00014373      0x114 ./Core/Src/battery_client.o
 .debug_macro   0x00014487      0x1b2 ./Core/Src/battery_client.o
 .debug_macro   0x00014639       0x27 ./Core/Src/battery_client.o
 .debug_macro   0x00014660      0x136 ./Core/Src/battery_client.o
 .debug_macro   0x00014796      0x1bc ./Core/Src/battery_client.o
 .debug_macro   0x00014952       0x34 ./Core/Src/battery_client.o
 .debug_macro   0x00014986       0x3c ./Core/Src/battery_client.o
 .debug_macro   0x000149c2       0x57 ./Core/Src/battery_client.o
 .debug_macro   0x00014a19       0x87 ./Core/Src/battery_client.o
 .debug_macro   0x00014aa0      0x240 ./Core/Src/battery_client.o
 .debug_macro   0x00014ce0      0x140 ./Core/Src/battery_client.o
 .debug_macro   0x00014e20      0x8ed ./Core/Src/battery_client.o
 .debug_macro   0x0001570d      0x28e ./Core/Src/battery_client.o
 .debug_macro   0x0001599b       0x83 ./Core/Src/battery_client.o
 .debug_macro   0x00015a1e       0x16 ./Core/Src/battery_client.o
 .debug_macro   0x00015a34       0xea ./Core/Src/battery_client.o
 .debug_macro   0x00015b1e      0x15a ./Core/Src/battery_client.o
 .debug_macro   0x00015c78       0xde ./Core/Src/battery_client.o
 .debug_macro   0x00015d56       0x1c ./Core/Src/battery_client.o
 .debug_macro   0x00015d72       0x26 ./Core/Src/battery_client.o
 .debug_macro   0x00015d98      0x504 ./Core/Src/battery_client.o
 .debug_macro   0x0001629c       0xb5 ./Core/Src/battery_client.o
 .debug_macro   0x00016351       0xaa ./Core/Src/battery_client.o
 .debug_macro   0x000163fb      0x3b3 ./Core/Src/cli.o
 .debug_macro   0x000167ae       0x91 ./Core/Src/cli.o
 .debug_macro   0x0001683f       0x8d ./Core/Src/cli.o
 .debug_macro   0x000168cc       0x7e ./Core/Src/cli.o
 .debug_macro   0x0001694a       0x19 ./Core/Src/cli.o
 .debug_macro   0x00016963       0xf2 ./Core/Src/cli.o
 .debug_macro   0x00016a55       0x61 ./Core/Src/cli.o
 .debug_macro   0x00016ab6       0x24 ./Core/Src/cli.o
 .debug_macro   0x00016ada       0x43 ./Core/Src/cli.o
 .debug_macro   0x00016b1d       0x34 ./Core/Src/cli.o
 .debug_macro   0x00016b51       0x16 ./Core/Src/cli.o
 .debug_macro   0x00016b67       0x3c ./Core/Src/cli.o
 .debug_macro   0x00016ba3      0x364 ./Core/Src/cli.o
 .debug_macro   0x00016f07       0x10 ./Core/Src/cli.o
 .debug_macro   0x00016f17       0x16 ./Core/Src/cli.o
 .debug_macro   0x00016f2d       0x4a ./Core/Src/cli.o
 .debug_macro   0x00016f77       0x34 ./Core/Src/cli.o
 .debug_macro   0x00016fab       0x10 ./Core/Src/cli.o
 .debug_macro   0x00016fbb       0x58 ./Core/Src/cli.o
 .debug_macro   0x00017013       0x8e ./Core/Src/cli.o
 .debug_macro   0x000170a1       0x1c ./Core/Src/cli.o
 .debug_macro   0x000170bd      0x17e ./Core/Src/cli.o
 .debug_macro   0x0001723b       0x16 ./Core/Src/cli.o
 .debug_macro   0x00017251       0x16 ./Core/Src/cli.o
 .debug_macro   0x00017267      0x146 ./Core/Src/cli.o
 .debug_macro   0x000173ad       0x16 ./Core/Src/cli.o
 .debug_macro   0x000173c3       0x20 ./Core/Src/cli.o
 .debug_macro   0x000173e3       0x4c ./Core/Src/cli.o
 .debug_macro   0x0001742f       0x16 ./Core/Src/cli.o
 .debug_macro   0x00017445       0x16 ./Core/Src/cli.o
 .debug_macro   0x0001745b       0x29 ./Core/Src/cli.o
 .debug_macro   0x00017484      0x215 ./Core/Src/freertos.o
 .debug_macro   0x00017699       0xea ./Core/Src/freertos.o
 .debug_macro   0x00017783      0x293 ./Core/Src/main.o
 .debug_macro   0x00017a16      0x1b0 ./Core/Src/modbus_rtu.o
 .debug_macro   0x00017bc6      0x1a7 ./Core/Src/rs485.o
 .debug_macro   0x00017d6d      0x1ad ./Core/Src/stm32f1xx_hal_msp.o
 .debug_macro   0x00017f1a      0x1a3 ./Core/Src/stm32f1xx_hal_timebase_tim.o
 .debug_macro   0x000180bd      0x1b7 ./Core/Src/stm32f1xx_it.o
 .debug_macro   0x00018274      0x14d ./Core/Src/sunspec.o
 .debug_macro   0x000183c1       0x10 ./Core/Src/sunspec.o
 .debug_macro   0x000183d1      0x112 ./Core/Src/sysmem.o
 .debug_macro   0x000184e3      0x23c ./Core/Src/sysmem.o
 .debug_macro   0x0001871f      0x1a3 ./Core/Src/system_stm32f1xx.o
 .debug_macro   0x000188c2      0x1c7 ./Drivers/STM32F1xx_HAL_Driver/Src/stm32f1xx_hal.o
 .debug_macro   0x00018a89      0x1a3 ./Drivers/STM32F1xx_HAL_Driver/Src/stm32f1xx_hal_cortex.o
 .debug_macro   0x00018c2c      0x1a3 ./Drivers/STM32F1xx_HAL_Driver/Src/stm32f1xx_hal_dma.o
 .debug_macro   0x00018dcf      0x20e ./Drivers/STM32F1xx_HAL_Driver/Src/stm32f1xx_hal_gpio.o
 .debug_macro   0x00018fdd      0x1b5 ./Drivers/STM32F1xx_HAL_Driver/Src/stm32f1xx_hal_rcc.o
 .debug_macro   0x00019192      0x1a4 ./Drivers/STM32F1xx_HAL_Driver/Src/stm32f1xx_hal_tim.o
 .debug_macro   0x00019336      0x1a3 ./Drivers/STM32F1xx_HAL_Driver/Src/stm32f1xx_hal_tim_ex.o
 .debug_macro   0x000194d9      0x1a4 ./Drivers/STM32F1xx_HAL_Driver/Src/stm32f1xx_hal_uart.o
 .debug_macro   0x0001967d      0x1fe ./Middlewares/Third_Party/FreeRTOS/Source/CMSIS_RTOS/cmsis_os.o
 .debug_macro   0x0001987b       0xab ./Middlewares/Third_Party/FreeRTOS/Source/CMSIS_RTOS/cmsis_os.o
 .debug_macro   0x00019926      0x187 ./Middlewares/Third_Party/FreeRTOS/Source/list.o
 .debug_macro   0x00019aad      0x279 ./Middlewares/Third_Party/FreeRTOS/Source/tasks.o
 .debug_macro   0x00019d26       0x10 ./Middlewares/Third_Party/FreeRTOS/Source/tasks.o
 .debug_macro   0x00019d36      0x172 ./Middlewares/Third_Party/FreeRTOS/Source/portable/GCC/ARM_CM3/port.o
 .debug_macro   0x00019ea8      0x1ae ./Middlewares/Third_Party/FreeRTOS/Source/portable/MemMang/heap_4.o

.debug_line     0x00000000    0x15723
 .debug_line    0x00000000      0x981 ./Core/Src/battery_client.o
 .debug_line    0x00000981      0xbd3 ./Core/Src/cli.o
 .debug_line    0x00001554      0x7fe ./Core/Src/freertos.o
 .debug_line    0x00001d52      0xb04 ./Core/Src/main.o
 .debug_line    0x00002856      0x8b0 ./Core/Src/modbus_rtu.o
 .debug_line    0x00003106      0x70b ./Core/Src/rs485.o
 .debug_line    0x00003811      0x86f ./Core/Src/stm32f1xx_hal_msp.o
 .debug_line    0x00004080      0x77f ./Core/Src/stm32f1xx_hal_timebase_tim.o
 .debug_line    0x000047ff      0x831 ./Core/Src/stm32f1xx_it.o
 .debug_line    0x00005030      0x6f4 ./Core/Src/sunspec.o
 .debug_line    0x00005724      0x58d ./Core/Src/sysmem.o
 .debug_line    0x00005cb1      0x77f ./Core/Src/system_stm32f1xx.o
 .debug_line    0x00006430       0x78 ./Core/Startup/startup_stm32f103c8tx.o
 .debug_line    0x000064a8      0x9b3 ./Drivers/STM32F1xx_HAL_Driver/Src/stm32f1xx_hal.o
 .debug_line    0x00006e5b      0xb7a ./Drivers/STM32F1xx_HAL_Driver/Src/stm32f1xx_hal_cortex.o
 .debug_line    0x000079d5      0xdba ./Drivers/STM32F1xx_HAL_Driver/Src/stm32f1xx_hal_dma.o
 .debug_line    0x0000878f      0xa0a ./Drivers/STM32F1xx_HAL_Driver/Src/stm32f1xx_hal_gpio.o
 .debug_line    0x00009199      0xe69 ./Drivers/STM32F1xx_HAL_Driver/Src/stm32f1xx_hal_rcc.o
 .debug_line    0x0000a002     0x34a4 ./Drivers/STM32F1xx_HAL_Driver/Src/stm32f1xx_hal_tim.o
 .debug_line    0x0000d4a6     0x1874 ./Drivers/STM32F1xx_HAL_Driver/Src/stm32f1xx_hal_tim_ex.o
 .debug_line    0x0000ed1a     0x24cc ./Drivers/STM32F1xx_HAL_Driver/Src/stm32f1xx_hal_uart.o
 .debug_line    0x000111e6     0x1304 ./Middlewares/Third_Party/FreeRTOS/Source/CMSIS_RTOS/cmsis_os.o
 .debug_line    0x000124ea      0x790 ./Middlewares/Third_Party/FreeRTOS/Source/list.o
 .debug_line    0x00012c7a     0x1948 ./Middlewares/Third_Party/FreeRTOS/Source/tasks.o
 .debug_line    0x000145c2      0x7bb ./Middlewares/Third_Party/FreeRTOS/Source/portable/GCC/ARM_CM3/port.o
 .debug_line    0x00014d7d      0x9a6 ./Middlewares/Third_Party/FreeRTOS/Source/portable/MemMang/heap_4.o

.debug_str      0x00000000    0x93375
 .debug_str     0x00000000    0x93375 ./Core/Src/battery_client.o
                              0x87af6 (size before relaxing)
 .debug_str     0x00093375    0x8d6a3 ./Core/Src/cli.o
 .debug_str     0x00093375    0x87614 ./Core/Src/freertos.o
 .debug_str     0x00093375    0x8a844 ./Core/Src/main.o
 .debug_str     0x00093375    0x83c47 ./Core/Src/modbus_rtu.o
 .debug_str     0x00093375    0x83757 ./Core/Src/rs485.o
 .debug_str     0x00093375    0x83fad ./Core/Src/stm32f1xx_hal_msp.o
 .debug_str     0x00093375    0x84062 ./Core/Src/stm32f1xx_hal_timebase_tim.o
 .debug_str     0x00093375    0x83f73 ./Core/Src/stm32f1xx_it.o
 .debug_str     0x00093375     0x73cf ./Core/Src/sunspec.o
 .debug_str     0x00093375     0x76ab ./Core/Src/sysmem.o
 .debug_str     0x00093375    0x8379a ./Core/Src/system_stm32f1xx.o
 .debug_str     0x00093375       0x7b ./Core/Startup/startup_stm32f103c8tx.o
 .debug_str     0x00093375    0x83ecd ./Drivers/STM32F1xx_HAL_Driver/Src/stm32f1xx_hal.o
 .debug_str     0x00093375    0x83e19 ./Drivers/STM32F1xx_HAL_Driver/Src/stm32f1xx_hal_cortex.o
 .debug_str     0x00093375    0x83b43 ./Drivers/STM32F1xx_HAL_Driver/Src/stm32f1xx_hal_dma.o
 .debug_str     0x00093375    0x83b20 ./Drivers/STM32F1xx_HAL_Driver/Src/stm32f1xx_hal_gpio.o
 .debug_str     0x00093375    0x83bc9 ./Drivers/STM32F1xx_HAL_Driver/Src/stm32f1xx_hal_rcc.o
 .debug_str     0x00093375    0x84bcb ./Drivers/STM32F1xx_HAL_Driver/Src/stm32f1xx_hal_tim.o
 .debug_str     0x00093375    0x843d7 ./Drivers/STM32F1xx_HAL_Driver/Src/stm32f1xx_hal_tim_ex.o
 .debug_str     0x00093375    0x8423a ./Drivers/STM32F1xx_HAL_Driver/Src/stm32f1xx_hal_uart.o
 .debug_str     0x00093375     0xe657 ./Middlewares/Third_Party/FreeRTOS/Source/CMSIS_RTOS/cmsis_os.o
 .debug_str     0x00093375     0xab57 ./Middlewares/Third_Party/FreeRTOS/Source/list.o
 .debug_str     0x00093375     0xcec2 ./Middlewares/Third_Party/FreeRTOS/Source/tasks.o
 .debug_str     0x00093375     0x866f ./Middlewares/Third_Party/FreeRTOS/Source/portable/GCC/ARM_CM3/port.o
 .debug_str     0x00093375     0xb499 ./Middlewares/Third_Party/FreeRTOS/Source/portable/MemMang/heap_4.o

.comment        0x00000000       0x43
 .comment       0x00000000       0x43 ./Core/Src/battery_client.o
                                 0x44 (size before relaxing)
 .comment       0x00000043       0x44 ./Core/Src/cli.o
 .comment       0x00000043       0x44 ./Core/Src/freertos.o
 .comment       0x00000043       0x44 ./Core/Src/main.o
 .comment       0x00000043       0x44 ./Core/Src/modbus_rtu.o
 .comment       0x00000043       0x44 ./Core/Src/rs485.o
 .comment       0x00000043       0x44 ./Core/Src/stm32f1xx_hal_msp.o
 .comment       0x00000043       0x44 ./Core/Src/stm32f1xx_hal_timebase_tim.o
 .comment       0x00000043       0x44 ./Core/Src/stm32f1xx_it.o
 .comment       0x00000043       0x44 ./Core/Src/sunspec.o
 .comment       0x00000043       0x44 ./Core/Src/sysmem.o
 .comment       0x00000043       0x44 ./Core/Src/system_stm32f1xx.o
 .comment       0x00000043       0x44 ./Drivers/STM32F1xx_HAL_Driver/Src/stm32f1xx_hal.o
 .comment       0x00000043       0x44 ./Drivers/STM32F1xx_HAL_Driver/Src/stm32f1xx_hal_cortex.o
 .comment       0x00000043       0x44 ./Drivers/STM32F1xx_HAL_Driver/Src/stm32f1xx_hal_dma.o
 .comment       0x00000043       0x44 ./Drivers/STM32F1xx_HAL_Driver/Src/stm32f1xx_hal_gpio.o
 .comment       0x00000043       0x44 ./Drivers/STM32F1xx_HAL_Driver/Src/stm32f1xx_hal_rcc.o
 .comment       0x00000043       0x44 ./Drivers/STM32F1xx_HAL_Driver/Src/stm32f1xx_hal_tim.o
 .comment       0x00000043       0x44 ./Drivers/STM32F1xx_HAL_Driver/Src/stm32f1xx_hal_tim_ex.o
 .comment       0x00000043       0x44 ./Drivers/STM32F1xx_HAL_Driver/Src/stm32f1xx_hal_uart.o
 .comment       0x00000043       0x44 ./Middlewares/Third_Party/FreeRTOS/Source/CMSIS_RTOS/cmsis_os.o
 .comment       0x00000043       0x44 ./Middlewares/Third_Party/FreeRTOS/Source/list.o
 .comment       0x00000043       0x44 ./Middlewares/Third_Party/FreeRTOS/Source/tasks.o
 .comment       0x00000043       0x44 ./Middlewares/Third_Party/FreeRTOS/Source/portable/GCC/ARM_CM3/port.o