../Core/Src/main.c:86:5:main	104	static
../Core/Src/main.c:177:6:SystemClock_Config	72	static
../Core/Src/main.c:217:13:MX_USART1_UART_Init	8	static
../Core/Src/main.c:250:13:MX_USART2_UART_Init	8	static
../Core/Src/main.c:283:13:MX_USART3_UART_Init	8	static
../Core/Src/main.c:314:13:MX_DMA_Init	16	static
../Core/Src/main.c:341:13:MX_GPIO_Init	40	static
../Core/Src/main.c:390:6:HAL_UARTEx_RxEventCallback	16	static
../Core/Src/main.c:399:6:HAL_UART_ErrorCallback	16	static
../Core/Src/main.c:412:6:StartModbusTask	16	static
../Core/Src/main.c:431:6:StartBatteryTask	16	static
../Core/Src/main.c:457:6:HAL_TIM_PeriodElapsedCallback	16	static
../Core/Src/main.c:475:6:Error_Handler	4	static,ignoring_inline_asm
