../Core/Src/main.c:86:5:main	1
../Core/Src/main.c:177:6:SystemClock_Config	3
../Core/Src/main.c:217:13:MX_USART1_UART_Init	2
../Core/Src/main.c:250:13:MX_USART2_UART_Init	2
../Core/Src/main.c:283:13:MX_USART3_UART_Init	2
../Core/Src/main.c:314:13:MX_DMA_Init	1
../Core/Src/main.c:341:13:MX_GPIO_Init	1
../Core/Src/main.c:390:6:HAL_UARTEx_RxEventCallback	2
../Core/Src/main.c:399:6:HAL_UART_ErrorCallback	1
../Core/Src/main.c:412:6:StartModbusTask	1
../Core/Src/main.c:431:6:StartBatteryTask	1
../Core/Src/main.c:457:6:HAL_TIM_PeriodElapsedCallback	2
../Core/Src/main.c:475:6:Error_Handler	1
